<html>
<body>
<pre>
<h1>µVision Build Log</h1>
<h2>Tool Versions:</h2>
IDE-Version: ¦ÌVision V5.38.0.0
Copyright (C) 2022 ARM Ltd and ARM Germany GmbH. All rights reserved.
License Information: ZhiHan Wang, UESTC, LIC=14HV2-95AR2-Z96G9-4IPNE-C5LIU-Q8T4K
 
Tool Versions:
Toolchain:       MDK-ARM Plus  Version: 5.38.0.0
Toolchain Path:  D:\Dkong\ARM\ARMCC\Bin
C Compiler:      Armcc.exe V5.06 update 7 (build 960)
Assembler:       Armasm.exe V5.06 update 7 (build 960)
Linker/Locator:  ArmLink.exe V5.06 update 7 (build 960)
Library Manager: ArmAr.exe V5.06 update 7 (build 960)
Hex Converter:   FromElf.exe V5.06 update 7 (build 960)
CPU DLL:         SARMCM3.DLL V5.38.0.0
Dialog DLL:      DCM.DLL V1.17.5.0
Target DLL:      CMSIS_AGDI.dll V1.33.15.0
Dialog DLL:      TCM.DLL V1.56.4.0
 
<h2>Project:</h2>
D:\STM32\test_r2_move\test_r2_move\MDK-ARM\test_r2_move.uvprojx
Project File Date:  11/03/2023

<h2>Output:</h2>
*** Using Compiler 'V5.06 update 7 (build 960)', folder: 'D:\Dkong\ARM\ARMCC\Bin'
Rebuild target 'test_r2_move'
Note: source file '../Core/Src/system_stm32g4xx.c' - object file renamed from 'test_r2_move\system_stm32g4xx.o' to 'test_r2_move\system_stm32g4xx_1.o'.
assembling startup_stm32g474xx.s...
compiling MY_Task.c...
compiling fdcan.c...
compiling nrf.c...
compiling fdcan_bsp.c...
compiling move.c...
compiling gpio.c...
compiling robot.c...
compiling button_push.c...
compiling fdRM3508.c...
compiling main.c...
compiling app_freertos.c...
compiling stm32g4xx_hal_msp.c...
compiling stm32g4xx_it.c...
compiling spi.c...
compiling stm32g4xx_hal_timebase_tim.c...
compiling stm32g4xx_hal_flash_ramfunc.c...
compiling stm32g4xx_hal.c...
compiling stm32g4xx_hal_flash_ex.c...
compiling stm32g4xx_hal_flash.c...
compiling stm32g4xx_hal_rcc.c...
compiling stm32g4xx_hal_fdcan.c...
compiling stm32g4xx_hal_rcc_ex.c...
compiling stm32g4xx_hal_gpio.c...
compiling stm32g4xx_hal_exti.c...
compiling croutine.c...
compiling event_groups.c...
compiling list.c...
compiling stm32g4xx_hal_pwr.c...
compiling stm32g4xx_hal_dma.c...
compiling stm32g4xx_hal_cortex.c...
compiling stm32g4xx_hal_dma_ex.c...
compiling stm32g4xx_hal_spi_ex.c...
compiling queue.c...
compiling stream_buffer.c...
compiling heap_4.c...
compiling timers.c...
compiling tasks.c...
compiling port.c...
compiling stm32g4xx_hal_spi.c...
compiling stm32g4xx_hal_pwr_ex.c...
compiling stm32g4xx_hal_tim_ex.c...
compiling stm32g4xx_hal_tim.c...
compiling system_stm32g4xx.c...
compiling cmsis_os2.c...
linking...
Program Size: Code=20076 RO-data=784 RW-data=1336 ZI-data=8944  
FromELF: creating hex file...
"test_r2_move\test_r2_move.axf" - 0 Error(s), 0 Warning(s).

<h2>Software Packages used:</h2>

Package Vendor: ARM
                http://www.keil.com/pack/ARM.CMSIS.5.9.0.pack
                ARM.CMSIS.5.9.0
                CMSIS (Common Microcontroller Software Interface Standard)
   * Component: CORE Version: 5.6.0

Package Vendor: Keil
                https://www.keil.com/pack/Keil.STM32G4xx_DFP.1.5.0.pack
                Keil.STM32G4xx_DFP.1.5.0
                STMicroelectronics STM32G4 Series Device Support, Drivers and Examples

<h2>Collection of Component include folders:</h2>
  ./RTE/_test_r2_move
  D:/Dkong/ARM/CMSIS/5.9.0/CMSIS/Core/Include
  D:/Dkong/Keil/STM32G4xx_DFP/1.5.0/Drivers/CMSIS/Device/ST/STM32G4xx/Include

<h2>Collection of Component Files used:</h2>

   * Component: ARM::CMSIS:CORE:5.6.0
      Include file:  CMSIS/Core/Include/tz_context.h
Build Time Elapsed:  00:00:35
</pre>
</body>
</html>
