Component: ARM Compiler 5.06 update 7 (build 960) Tool: armlink [4d3601]

==============================================================================

Section Cross References

    startup_stm32g474xx.o(STACK) refers (Special) to heapauxi.o(.text) for __use_two_region_memory
    startup_stm32g474xx.o(HEAP) refers (Special) to heapauxi.o(.text) for __use_two_region_memory
    startup_stm32g474xx.o(RESET) refers (Special) to heapauxi.o(.text) for __use_two_region_memory
    startup_stm32g474xx.o(RESET) refers to startup_stm32g474xx.o(STACK) for __initial_sp
    startup_stm32g474xx.o(RESET) refers to startup_stm32g474xx.o(.text) for Reset_Handler
    startup_stm32g474xx.o(RESET) refers to stm32g4xx_it.o(i.NMI_Handler) for NMI_Handler
    startup_stm32g474xx.o(RESET) refers to stm32g4xx_it.o(i.HardFault_Handler) for HardFault_Handler
    startup_stm32g474xx.o(RESET) refers to stm32g4xx_it.o(i.MemManage_Handler) for MemManage_Handler
    startup_stm32g474xx.o(RESET) refers to stm32g4xx_it.o(i.BusFault_Handler) for BusFault_Handler
    startup_stm32g474xx.o(RESET) refers to stm32g4xx_it.o(i.UsageFault_Handler) for UsageFault_Handler
    startup_stm32g474xx.o(RESET) refers to port.o(.emb_text) for SVC_Handler
    startup_stm32g474xx.o(RESET) refers to stm32g4xx_it.o(i.DebugMon_Handler) for DebugMon_Handler
    startup_stm32g474xx.o(RESET) refers to cmsis_os2.o(i.SysTick_Handler) for SysTick_Handler
    startup_stm32g474xx.o(RESET) refers to stm32g4xx_it.o(i.FDCAN1_IT0_IRQHandler) for FDCAN1_IT0_IRQHandler
    startup_stm32g474xx.o(RESET) refers to stm32g4xx_it.o(i.TIM3_IRQHandler) for TIM3_IRQHandler
    startup_stm32g474xx.o(RESET) refers to stm32g4xx_it.o(i.FDCAN2_IT0_IRQHandler) for FDCAN2_IT0_IRQHandler
    startup_stm32g474xx.o(RESET) refers to stm32g4xx_it.o(i.FDCAN3_IT0_IRQHandler) for FDCAN3_IT0_IRQHandler
    startup_stm32g474xx.o(.text) refers (Special) to heapauxi.o(.text) for __use_two_region_memory
    startup_stm32g474xx.o(.text) refers to system_stm32g4xx_1.o(i.SystemInit) for SystemInit
    startup_stm32g474xx.o(.text) refers to __main.o(!!!main) for __main
    startup_stm32g474xx.o(.text) refers to startup_stm32g474xx.o(HEAP) for Heap_Mem
    startup_stm32g474xx.o(.text) refers to startup_stm32g474xx.o(STACK) for Stack_Mem
    button_push.o(i.Record_Button_Push) refers to robot.o(.bss) for button
    button_push.o(i.Record_Button_Push) refers to button_push.o(.bss) for .bss
    move.o(i.GET_XY_value) refers to dflt_clz.o(x$fpl$dflt) for __aeabi_i2d
    move.o(i.GET_XY_value) refers to ddiv.o(x$fpl$ddiv) for __aeabi_ddiv
    move.o(i.GET_XY_value) refers to d2f.o(x$fpl$d2f) for __aeabi_d2f
    move.o(i.GET_XY_value) refers to robot.o(.bss) for handle
    move.o(i.GET_XY_value) refers to main.o(.data) for max_speed
    move.o(i.GET_XY_value) refers to main.o(.data) for VX
    move.o(i.GET_XY_value) refers to main.o(.data) for VY
    move.o(i.GET_Z_value) refers to dflt_clz.o(x$fpl$dflt) for __aeabi_i2d
    move.o(i.GET_Z_value) refers to ddiv.o(x$fpl$ddiv) for __aeabi_ddiv
    move.o(i.GET_Z_value) refers to d2f.o(x$fpl$d2f) for __aeabi_d2f
    move.o(i.GET_Z_value) refers to robot.o(.bss) for handle
    move.o(i.GET_Z_value) refers to main.o(.data) for max_speed
    move.o(i.GET_Z_value) refers to main.o(.data) for VZ
    move.o(i.ball_get) refers to fdrm3508.o(i.RM3508_Set_Speed) for RM3508_Set_Speed
    move.o(i.ball_get) refers to button_push.o(.bss) for button_push_cnt
    move.o(i.ball_get) refers to main.o(.data) for getball_spd
    move.o(i.ball_spit) refers to fdrm3508.o(i.RM3508_Set_Speed) for RM3508_Set_Speed
    move.o(i.ball_spit) refers to button_push.o(.bss) for button_push_cnt
    move.o(i.ball_spit) refers to main.o(.data) for spitball_spd
    move.o(i.ball_spit) refers to main.o(.data) for change
    move.o(i.change_spit) refers to button_push.o(.bss) for button_push_cnt
    move.o(i.change_spit) refers to main.o(.data) for change
    move.o(i.move_send) refers to fdcan_bsp.o(i.FDCAN_SendData) for FDCAN_SendData
    move.o(i.move_send) refers to move.o(.data) for .data
    move.o(i.move_send) refers to main.o(.data) for VX
    move.o(i.move_send) refers to main.o(.data) for VY
    move.o(i.move_send) refers to main.o(.data) for VZ
    move.o(i.move_send) refers to fdcan.o(.bss) for hfdcan2
    move.o(i.move_speed) refers to button_push.o(.bss) for button_push_cnt
    move.o(i.move_speed) refers to main.o(.data) for max_speed
    my_task.o(i.NRF_Refresh_Task) refers to robot.o(i.instruction_refresh) for instruction_refresh
    my_task.o(i.NRF_Refresh_Task) refers to robot.o(i.read_keys) for read_keys
    my_task.o(i.NRF_Refresh_Task) refers to button_push.o(i.Record_Button_Push) for Record_Button_Push
    my_task.o(i.Program_Init) refers to fdcan_bsp.o(i.FDCAN1_Init) for FDCAN1_Init
    my_task.o(i.Program_Init) refers to fdcan_bsp.o(i.FDCAN2_Init) for FDCAN2_Init
    my_task.o(i.Program_Init) refers to nrf.o(i.nrf_init) for nrf_init
[...]
    uxCurrentNumberOfTasks                   0x200004c0   Data           4  tasks.o(.data)
    xTickCount                               0x200004c4   Data           4  tasks.o(.data)
    uxTopReadyPriority                       0x200004c8   Data           4  tasks.o(.data)
    xSchedulerRunning                        0x200004cc   Data           4  tasks.o(.data)
    xPendedTicks                             0x200004d0   Data           4  tasks.o(.data)
    xYieldPending                            0x200004d4   Data           4  tasks.o(.data)
    xNumOfOverflows                          0x200004d8   Data           4  tasks.o(.data)
    uxTaskNumber                             0x200004dc   Data           4  tasks.o(.data)
    xNextTaskUnblockTime                     0x200004e0   Data           4  tasks.o(.data)
    xIdleTaskHandle                          0x200004e4   Data           4  tasks.o(.data)
    uxSchedulerSuspended                     0x200004e8   Data           4  tasks.o(.data)
    pxDelayedTaskList                        0x200004ec   Data           4  tasks.o(.data)
    pxOverflowDelayedTaskList                0x200004f0   Data           4  tasks.o(.data)
    .data                                    0x200004f4   Section       20  timers.o(.data)
    xTimerQueue                              0x200004f4   Data           4  timers.o(.data)
    xTimerTaskHandle                         0x200004f8   Data           4  timers.o(.data)
    xLastTime                                0x200004fc   Data           4  timers.o(.data)
    pxCurrentTimerList                       0x20000500   Data           4  timers.o(.data)
    pxOverflowTimerList                      0x20000504   Data           4  timers.o(.data)
    .data                                    0x20000508   Section        4  cmsis_os2.o(.data)
    KernelState                              0x20000508   Data           4  cmsis_os2.o(.data)
    .data                                    0x2000050c   Section       32  heap_4.o(.data)
    pxEnd                                    0x2000050c   Data           4  heap_4.o(.data)
    xFreeBytesRemaining                      0x20000510   Data           4  heap_4.o(.data)
    xMinimumEverFreeBytesRemaining           0x20000514   Data           4  heap_4.o(.data)
    xNumberOfSuccessfulAllocations           0x20000518   Data           4  heap_4.o(.data)
    xNumberOfSuccessfulFrees                 0x2000051c   Data           4  heap_4.o(.data)
    xBlockAllocatedBit                       0x20000520   Data           4  heap_4.o(.data)
    xStart                                   0x20000524   Data           8  heap_4.o(.data)
    .data                                    0x2000052c   Section       12  port.o(.data)
    ucMaxSysCallPriority                     0x2000052c   Data           1  port.o(.data)
    uxCriticalNesting                        0x20000530   Data           4  port.o(.data)
    ulMaxPRIGROUPValue                       0x20000534   Data           4  port.o(.data)
    .bss                                     0x20000538   Section      180  button_push.o(.bss)
    .bss                                     0x200005ec   Section      110  robot.o(.bss)
    .bss                                     0x2000065a   Section       35  nrf.o(.bss)
    .bss                                     0x20000680   Section      152  fdrm3508.o(.bss)
    RM3508_base                              0x20000680   Data          32  fdrm3508.o(.bss)
    RM3508tmp_pre                            0x200006a0   Data          32  fdrm3508.o(.bss)
    .bss                                     0x20000718   Section      300  fdcan.o(.bss)
    .bss                                     0x20000844   Section      100  spi.o(.bss)
    .bss                                     0x200008a8   Section       76  stm32g4xx_hal_timebase_tim.o(.bss)
    .bss                                     0x200008f4   Section       64  queue.o(.bss)
    .bss                                     0x20000934   Section     1220  tasks.o(.bss)
    pxReadyTasksLists                        0x20000934   Data        1120  tasks.o(.bss)
    xDelayedTaskList1                        0x20000d94   Data          20  tasks.o(.bss)
    xDelayedTaskList2                        0x20000da8   Data          20  tasks.o(.bss)
    xPendingReadyList                        0x20000dbc   Data          20  tasks.o(.bss)
    xTasksWaitingTermination                 0x20000dd0   Data          20  tasks.o(.bss)
    xSuspendedTaskList                       0x20000de4   Data          20  tasks.o(.bss)
    .bss                                     0x20000df8   Section      280  timers.o(.bss)
    xStaticTimerQueue                        0x20000df8   Data          80  timers.o(.bss)
    ucStaticTimerQueueStorage                0x20000e48   Data         160  timers.o(.bss)
    xActiveTimerList1                        0x20000ee8   Data          20  timers.o(.bss)
    xActiveTimerList2                        0x20000efc   Data          20  timers.o(.bss)
    .bss                                     0x20000f10   Section     1720  cmsis_os2.o(.bss)
    Idle_TCB                                 0x20000f10   Data          92  cmsis_os2.o(.bss)
    Idle_Stack                               0x20000f6c   Data         512  cmsis_os2.o(.bss)
    Timer_TCB                                0x2000116c   Data          92  cmsis_os2.o(.bss)
    Timer_Stack                              0x200011c8   Data        1024  cmsis_os2.o(.bss)
    .bss                                     0x200015c8   Section     3072  heap_4.o(.bss)
    ucHeap                                   0x200015c8   Data        3072  heap_4.o(.bss)
    .bss                                     0x200021c8   Section       96  libspace.o(.bss)
    HEAP                                     0x20002228   Section      512  startup_stm32g474xx.o(HEAP)
    Heap_Mem                                 0x20002228   Data         512  startup_stm32g474xx.o(HEAP)
    STACK                                    0x20002428   Section     1024  startup_stm32g474xx.o(STACK)
    Stack_Mem                                0x20002428   Data        1024  startup_stm32g474xx.o(STACK)
    __initial_sp                             0x20002828   Data           0  startup_stm32g474xx.o(STACK)

    Global Symbols

    Symbol Name                              Value     Ov Type        Size  Object(Section)

    BuildAttributes$$THM_ISAv4$E$P$D$K$B$S$7EM$VFPi3$EXTD16$VFPS$VFMA$PE$A:L22UL41UL21$X:L11$S22US41US21$IEEE1$IW$USESV6$~STKCKD$USESV7$~SHL$OSPACE$ROPI$EBA8$UX$STANDARDLIB$REQ8$PRES8$EABIv2 0x00000000   Number         0  anon$$obj.o ABSOLUTE
    __ARM_use_no_argv                        0x00000000   Number         0  main.o ABSOLUTE
    __ARM_exceptions_init                     - Undefined Weak Reference
    __alloca_initialize                       - Undefined Weak Reference
    __arm_fini_                               - Undefined Weak Reference
    __arm_preinit_                            - Undefined Weak Reference
    __cpp_initialize__aeabi_                  - Undefined Weak Reference
    __cxa_finalize                            - Undefined Weak Reference
    __rt_locale                               - Undefined Weak Reference
    __sigvec_lookup                           - Undefined Weak Reference
    _atexit_init                              - Undefined Weak Reference
    _call_atexit_fns                          - Undefined Weak Reference
    _clock_init                               - Undefined Weak Reference
    _fp_trap_init                             - Undefined Weak Reference
    _fp_trap_shutdown                         - Undefined Weak Reference
    _get_lc_collate                           - Undefined Weak Reference
    _get_lc_ctype                             - Undefined Weak Reference
    _get_lc_monetary                          - Undefined Weak Reference
    _get_lc_numeric                           - Undefined Weak Reference
    _get_lc_time                              - Undefined Weak Reference
    _getenv_init                              - Undefined Weak Reference
    _handle_redirection                       - Undefined Weak Reference
    _init_alloc                               - Undefined Weak Reference
    _init_user_alloc                          - Undefined Weak Reference
    _initio                                   - Undefined Weak Reference
    _rand_init                                - Undefined Weak Reference
    _signal_finish                            - Undefined Weak Reference
    _signal_init                              - Undefined Weak Reference
    _terminate_alloc                          - Undefined Weak Reference
    _terminate_user_alloc                     - Undefined Weak Reference
    _terminateio                              - Undefined Weak Reference
    __Vectors_Size                           0x000001d8   Number         0  startup_stm32g474xx.o ABSOLUTE
    __Vectors                                0x08000000   Data           4  startup_stm32g474xx.o(RESET)
    __Vectors_End                            0x080001d8   Data           0  startup_stm32g474xx.o(RESET)
    __main                                   0x080001d9   Thumb Code     8  __main.o(!!!main)
    __scatterload                            0x080001e1   Thumb Code     0  __scatter.o(!!!scatter)
    __scatterload_rt2                        0x080001e1   Thumb Code    44  __scatter.o(!!!scatter)
    __scatterload_rt2_thumb_only             0x080001e1   Thumb Code     0  __scatter.o(!!!scatter)
    __scatterload_null                       0x080001ef   Thumb Code     0  __scatter.o(!!!scatter)
    __decompress                             0x08000215   Thumb Code    90  __dczerorl2.o(!!dczerorl2)
    __decompress1                            0x08000215   Thumb Code     0  __dczerorl2.o(!!dczerorl2)
    __scatterload_zeroinit                   0x08000271   Thumb Code    28  __scatter_zi.o(!!handler_zi)
    __rt_lib_init                            0x0800028d   Thumb Code     0  libinit.o(.ARM.Collect$$libinit$$00000000)
    __rt_lib_init_fp_1                       0x0800028f   Thumb Code     0  libinit2.o(.ARM.Collect$$libinit$$00000001)
    __rt_lib_init_alloca_1                   0x08000293   Thumb Code     0  libinit2.o(.ARM.Collect$$libinit$$0000002E)
    __rt_lib_init_argv_1                     0x08000293   Thumb Code     0  libinit2.o(.ARM.Collect$$libinit$$0000002C)
    __rt_lib_init_atexit_1                   0x08000293   Thumb Code     0  libinit2.o(.ARM.Collect$$libinit$$0000001B)
    __rt_lib_init_clock_1                    0x08000293   Thumb Code     0  libinit2.o(.ARM.Collect$$libinit$$00000021)
    __rt_lib_init_cpp_1                      0x08000293   Thumb Code     0  libinit2.o(.ARM.Collect$$libinit$$00000032)
    __rt_lib_init_exceptions_1               0x08000293   Thumb Code     0  libinit2.o(.ARM.Collect$$libinit$$00000030)
    __rt_lib_init_fp_trap_1                  0x08000293   Thumb Code     0  libinit2.o(.ARM.Collect$$libinit$$0000001F)
    __rt_lib_init_getenv_1                   0x08000293   Thumb Code     0  libinit2.o(.ARM.Collect$$libinit$$00000023)
    __rt_lib_init_heap_1                     0x08000293   Thumb Code     0  libinit2.o(.ARM.Collect$$libinit$$0000000A)
    __rt_lib_init_lc_collate_1               0x08000293   Thumb Code     0  libinit2.o(.ARM.Collect$$libinit$$00000011)
    __rt_lib_init_lc_ctype_1                 0x08000293   Thumb Code     0  libinit2.o(.ARM.Collect$$libinit$$00000013)
    __rt_lib_init_lc_monetary_1              0x08000293   Thumb Code     0  libinit2.o(.ARM.Collect$$libinit$$00000015)
    __rt_lib_init_lc_numeric_1               0x08000293   Thumb Code     0  libinit2.o(.ARM.Collect$$libinit$$00000017)
    __rt_lib_init_lc_time_1                  0x08000293   Thumb Code     0  libinit2.o(.ARM.Collect$$libinit$$00000019)
    __rt_lib_init_preinit_1                  0x08000293   Thumb Code     0  libinit2.o(.ARM.Collect$$libinit$$00000004)
    __rt_lib_init_rand_1                     0x08000293   Thumb Code     0  libinit2.o(.ARM.Collect$$libinit$$0000000E)
    __rt_lib_init_return                     0x08000293   Thumb Code     0  libinit2.o(.ARM.Collect$$libinit$$00000033)
    __rt_lib_init_signal_1                   0x08000293   Thumb Code     0  libinit2.o(.ARM.Collect$$libinit$$0000001D)
    __rt_lib_init_stdio_1                    0x08000293   Thumb Code     0  libinit2.o(.ARM.Collect$$libinit$$00000025)
    __rt_lib_init_user_alloc_1               0x08000293   Thumb Code     0  libinit2.o(.ARM.Collect$$libinit$$0000000C)
    __rt_lib_shutdown                        0x08000295   Thumb Code     0  libshutdown.o(.ARM.Collect$$libshutdown$$00000000)
    __rt_lib_shutdown_cpp_1                  0x08000297   Thumb Code     0  libshutdown2.o(.ARM.Collect$$libshutdown$$00000004)
    __rt_lib_shutdown_fini_1                 0x08000297   Thumb Code     0  libshutdown2.o(.ARM.Collect$$libshutdown$$00000002)
    __rt_lib_shutdown_fp_trap_1              0x08000297   Thumb Code     0  libshutdown2.o(.ARM.Collect$$libshutdown$$00000009)
    __rt_lib_shutdown_heap_1                 0x08000297   Thumb Code     0  libshutdown2.o(.ARM.Collect$$libshutdown$$00000011)
    __rt_lib_shutdown_return                 0x08000297   Thumb Code     0  libshutdown2.o(.ARM.Collect$$libshutdown$$00000012)
    __rt_lib_shutdown_signal_1               0x08000297   Thumb Code     0  libshutdown2.o(.ARM.Collect$$libshutdown$$0000000C)
    __rt_lib_shutdown_stdio_1                0x08000297   Thumb Code     0  libshutdown2.o(.ARM.Collect$$libshutdown$$00000006)
    __rt_lib_shutdown_user_alloc_1           0x08000297   Thumb Code     0  libshutdown2.o(.ARM.Collect$$libshutdown$$0000000E)
    __rt_entry                               0x08000299   Thumb Code     0  __rtentry.o(.ARM.Collect$$rtentry$$00000000)
    __rt_entry_presh_1                       0x08000299   Thumb Code     0  __rtentry2.o(.ARM.Collect$$rtentry$$00000002)
    __rt_entry_sh                            0x08000299   Thumb Code     0  __rtentry4.o(.ARM.Collect$$rtentry$$00000004)
    __rt_entry_li                            0x0800029f   Thumb Code     0  __rtentry2.o(.ARM.Collect$$rtentry$$0000000A)
    __rt_entry_postsh_1                      0x0800029f   Thumb Code     0  __rtentry2.o(.ARM.Collect$$rtentry$$00000009)
    __rt_entry_main                          0x080002a3   Thumb Code     0  __rtentry2.o(.ARM.Collect$$rtentry$$0000000D)
    __rt_entry_postli_1                      0x080002a3   Thumb Code     0  __rtentry2.o(.ARM.Collect$$rtentry$$0000000C)
    __rt_exit                                0x080002ab   Thumb Code     0  rtexit.o(.ARM.Collect$$rtexit$$00000000)
    __rt_exit_ls                             0x080002ad   Thumb Code     0  rtexit2.o(.ARM.Collect$$rtexit$$00000003)
    __rt_exit_prels_1                        0x080002ad   Thumb Code     0  rtexit2.o(.ARM.Collect$$rtexit$$00000002)
    __rt_exit_exit                           0x080002b1   Thumb Code     0  rtexit2.o(.ARM.Collect$$rtexit$$00000004)
    SVC_Handler                              0x080002b9   Thumb Code    28  port.o(.emb_text)
    __asm___6_port_c_39a90d8d__prvStartFirstTask 0x080002d9   Thumb Code    36  port.o(.emb_text)
    __asm___6_port_c_39a90d8d__prvEnableVFP  0x08000301   Thumb Code    16  port.o(.emb_text)
    PendSV_Handler                           0x08000315   Thumb Code    88  port.o(.emb_text)
    vPortGetIPSR                             0x08000371   Thumb Code     6  port.o(.emb_text)
    Reset_Handler                            0x08000379   Thumb Code     8  startup_stm32g474xx.o(.text)
    ADC1_2_IRQHandler                        0x08000393   Thumb Code     0  startup_stm32g474xx.o(.text)
    ADC3_IRQHandler                          0x08000393   Thumb Code     0  startup_stm32g474xx.o(.text)
    ADC4_IRQHandler                          0x08000393   Thumb Code     0  startup_stm32g474xx.o(.text)
    ADC5_IRQHandler                          0x08000393   Thumb Code     0  startup_stm32g474xx.o(.text)
    COMP1_2_3_IRQHandler                     0x08000393   Thumb Code     0  startup_stm32g474xx.o(.text)
    COMP4_5_6_IRQHandler                     0x08000393   Thumb Code     0  startup_stm32g474xx.o(.text)
    COMP7_IRQHandler                         0x08000393   Thumb Code     0  startup_stm32g474xx.o(.text)
    CORDIC_IRQHandler                        0x08000393   Thumb Code     0  startup_stm32g474xx.o(.text)
    CRS_IRQHandler                           0x08000393   Thumb Code     0  startup_stm32g474xx.o(.text)
    DMA1_Channel1_IRQHandler                 0x08000393   Thumb Code     0  startup_stm32g474xx.o(.text)
    DMA1_Channel2_IRQHandler                 0x08000393   Thumb Code     0  startup_stm32g474xx.o(.text)
    DMA1_Channel3_IRQHandler                 0x08000393   Thumb Code     0  startup_stm32g474xx.o(.text)
    DMA1_Channel4_IRQHandler                 0x08000393   Thumb Code     0  startup_stm32g474xx.o(.text)
    DMA1_Channel5_IRQHandler                 0x08000393   Thumb Code     0  startup_stm32g474xx.o(.text)
    DMA1_Channel6_IRQHandler                 0x08000393   Thumb Code     0  startup_stm32g474xx.o(.text)
    DMA1_Channel7_IRQHandler                 0x08000393   Thumb Code     0  startup_stm32g474xx.o(.text)
    DMA1_Channel8_IRQHandler                 0x08000393   Thumb Code     0  startup_stm32g474xx.o(.text)
    DMA2_Channel1_IRQHandler                 0x08000393   Thumb Code     0  startup_stm32g474xx.o(.text)
    DMA2_Channel2_IRQHandler                 0x08000393   Thumb Code     0  startup_stm32g474xx.o(.text)
    DMA2_Channel3_IRQHandler                 0x08000393   Thumb Code     0  startup_stm32g474xx.o(.text)
    DMA2_Channel4_IRQHandler                 0x08000393   Thumb Code     0  startup_stm32g474xx.o(.text)
    DMA2_Channel5_IRQHandler                 0x08000393   Thumb Code     0  startup_stm32g474xx.o(.text)
    DMA2_Channel6_IRQHandler                 0x08000393   Thumb Code     0  startup_stm32g474xx.o(.text)
    DMA2_Channel7_IRQHandler                 0x08000393   Thumb Code     0  startup_stm32g474xx.o(.text)
    DMA2_Channel8_IRQHandler                 0x08000393   Thumb Code     0  startup_stm32g474xx.o(.text)
    DMAMUX_OVR_IRQHandler                    0x08000393   Thumb Code     0  startup_stm32g474xx.o(.text)
    EXTI0_IRQHandler                         0x08000393   Thumb Code     0  startup_stm32g474xx.o(.text)
    EXTI15_10_IRQHandler                     0x08000393   Thumb Code     0  startup_stm32g474xx.o(.text)
    EXTI1_IRQHandler                         0x08000393   Thumb Code     0  startup_stm32g474xx.o(.text)
    EXTI2_IRQHandler                         0x08000393   Thumb Code     0  startup_stm32g474xx.o(.text)
    EXTI3_IRQHandler                         0x08000393   Thumb Code     0  startup_stm32g474xx.o(.text)
    EXTI4_IRQHandler                         0x08000393   Thumb Code     0  startup_stm32g474xx.o(.text)
    EXTI9_5_IRQHandler                       0x08000393   Thumb Code     0  startup_stm32g474xx.o(.text)
    FDCAN1_IT1_IRQHandler                    0x08000393   Thumb Code     0  startup_stm32g474xx.o(.text)
    FDCAN2_IT1_IRQHandler                    0x08000393   Thumb Code     0  startup_stm32g474xx.o(.text)
    FDCAN3_IT1_IRQHandler                    0x08000393   Thumb Code     0  startup_stm32g474xx.o(.text)
    FLASH_IRQHandler                         0x08000393   Thumb Code     0  startup_stm32g474xx.o(.text)
    FMAC_IRQHandler                          0x08000393   Thumb Code     0  startup_stm32g474xx.o(.text)
    FMC_IRQHandler                           0x08000393   Thumb Code     0  startup_stm32g474xx.o(.text)
    FPU_IRQHandler                           0x08000393   Thumb Code     0  startup_stm32g474xx.o(.text)
    HRTIM1_FLT_IRQHandler                    0x08000393   Thumb Code     0  startup_stm32g474xx.o(.text)
    HRTIM1_Master_IRQHandler                 0x08000393   Thumb Code     0  startup_stm32g474xx.o(.text)
    HRTIM1_TIMA_IRQHandler                   0x08000393   Thumb Code     0  startup_stm32g474xx.o(.text)
    HRTIM1_TIMB_IRQHandler                   0x08000393   Thumb Code     0  startup_stm32g474xx.o(.text)
    HRTIM1_TIMC_IRQHandler                   0x08000393   Thumb Code     0  startup_stm32g474xx.o(.text)
    HRTIM1_TIMD_IRQHandler                   0x08000393   Thumb Code     0  startup_stm32g474xx.o(.text)
    HRTIM1_TIME_IRQHandler                   0x08000393   Thumb Code     0  startup_stm32g474xx.o(.text)
    HRTIM1_TIMF_IRQHandler                   0x08000393   Thumb Code     0  startup_stm32g474xx.o(.text)
    I2C1_ER_IRQHandler                       0x08000393   Thumb Code     0  startup_stm32g474xx.o(.text)
    I2C1_EV_IRQHandler                       0x08000393   Thumb Code     0  startup_stm32g474xx.o(.text)
    I2C2_ER_IRQHandler                       0x08000393   Thumb Code     0  startup_stm32g474xx.o(.text)
    I2C2_EV_IRQHandler                       0x08000393   Thumb Code     0  startup_stm32g474xx.o(.text)
    I2C3_ER_IRQHandler                       0x08000393   Thumb Code     0  startup_stm32g474xx.o(.text)
    I2C3_EV_IRQHandler                       0x08000393   Thumb Code     0  startup_stm32g474xx.o(.text)
    I2C4_ER_IRQHandler                       0x08000393   Thumb Code     0  startup_stm32g474xx.o(.text)
    I2C4_EV_IRQHandler                       0x08000393   Thumb Code     0  startup_stm32g474xx.o(.text)
    LPTIM1_IRQHandler                        0x08000393   Thumb Code     0  startup_stm32g474xx.o(.text)
    LPUART1_IRQHandler                       0x08000393   Thumb Code     0  startup_stm32g474xx.o(.text)
    PVD_PVM_IRQHandler                       0x08000393   Thumb Code     0  startup_stm32g474xx.o(.text)
    QUADSPI_IRQHandler                       0x08000393   Thumb Code     0  startup_stm32g474xx.o(.text)
    RCC_IRQHandler                           0x08000393   Thumb Code     0  startup_stm32g474xx.o(.text)
    RNG_IRQHandler                           0x08000393   Thumb Code     0  startup_stm32g474xx.o(.text)
    RTC_Alarm_IRQHandler                     0x08000393   Thumb Code     0  startup_stm32g474xx.o(.text)
    RTC_TAMP_LSECSS_IRQHandler               0x08000393   Thumb Code     0  startup_stm32g474xx.o(.text)
    RTC_WKUP_IRQHandler                      0x08000393   Thumb Code     0  startup_stm32g474xx.o(.text)
    SAI1_IRQHandler                          0x08000393   Thumb Code     0  startup_stm32g474xx.o(.text)
    SPI1_IRQHandler                          0x08000393   Thumb Code     0  startup_stm32g474xx.o(.text)
    SPI2_IRQHandler                          0x08000393   Thumb Code     0  startup_stm32g474xx.o(.text)
    SPI3_IRQHandler                          0x08000393   Thumb Code     0  startup_stm32g474xx.o(.text)
    SPI4_IRQHandler                          0x08000393   Thumb Code     0  startup_stm32g474xx.o(.text)
    TIM1_BRK_TIM15_IRQHandler                0x08000393   Thumb Code     0  startup_stm32g474xx.o(.text)
    TIM1_CC_IRQHandler                       0x08000393   Thumb Code     0  startup_stm32g474xx.o(.text)
    TIM1_TRG_COM_TIM17_IRQHandler            0x08000393   Thumb Code     0  startup_stm32g474xx.o(.text)
    TIM1_UP_TIM16_IRQHandler                 0x08000393   Thumb Code     0  startup_stm32g474xx.o(.text)
    TIM20_BRK_IRQHandler                     0x08000393   Thumb Code     0  startup_stm32g474xx.o(.text)
    TIM20_CC_IRQHandler                      0x08000393   Thumb Code     0  startup_stm32g474xx.o(.text)
    TIM20_TRG_COM_IRQHandler                 0x08000393   Thumb Code     0  startup_stm32g474xx.o(.text)
    TIM20_UP_IRQHandler                      0x08000393   Thumb Code     0  startup_stm32g474xx.o(.text)
    TIM2_IRQHandler                          0x08000393   Thumb Code     0  startup_stm32g474xx.o(.text)
    TIM4_IRQHandler                          0x08000393   Thumb Code     0  startup_stm32g474xx.o(.text)
    TIM5_IRQHandler                          0x08000393   Thumb Code     0  startup_stm32g474xx.o(.text)
    TIM6_DAC_IRQHandler                      0x08000393   Thumb Code     0  startup_stm32g474xx.o(.text)
    TIM7_DAC_IRQHandler                      0x08000393   Thumb Code     0  startup_stm32g474xx.o(.text)
    TIM8_BRK_IRQHandler                      0x08000393   Thumb Code     0  startup_stm32g474xx.o(.text)
    TIM8_CC_IRQHandler                       0x08000393   Thumb Code     0  startup_stm32g474xx.o(.text)
    TIM8_TRG_COM_IRQHandler                  0x08000393   Thumb Code     0  startup_stm32g474xx.o(.text)
    TIM8_UP_IRQHandler                       0x08000393   Thumb Code     0  startup_stm32g474xx.o(.text)
    UART4_IRQHandler                         0x08000393   Thumb Code     0  startup_stm32g474xx.o(.text)
    UART5_IRQHandler                         0x08000393   Thumb Code     0  startup_stm32g474xx.o(.text)
    UCPD1_IRQHandler                         0x08000393   Thumb Code     0  startup_stm32g474xx.o(.text)
    USART1_IRQHandler                        0x08000393   Thumb Code     0  startup_stm32g474xx.o(.text)
    USART2_IRQHandler                        0x08000393   Thumb Code     0  startup_stm32g474xx.o(.text)
    USART3_IRQHandler                        0x08000393   Thumb Code     0  startup_stm32g474xx.o(.text)
    USBWakeUp_IRQHandler                     0x08000393   Thumb Code     0  startup_stm32g474xx.o(.text)
    USB_HP_IRQHandler                        0x08000393   Thumb Code     0  startup_stm32g474xx.o(.text)
    USB_LP_IRQHandler                        0x08000393   Thumb Code     0  startup_stm32g474xx.o(.text)
    WWDG_IRQHandler                          0x08000393   Thumb Code     0  startup_stm32g474xx.o(.text)
    __user_initial_stackheap                 0x08000395   Thumb Code     0  startup_stm32g474xx.o(.text)
    __aeabi_memcpy                           0x080003b9   Thumb Code     0  rt_memcpy_v6.o(.text)
    __rt_memcpy                              0x080003b9   Thumb Code   138  rt_memcpy_v6.o(.text)
    _memcpy_lastbytes                        0x0800041f   Thumb Code     0  rt_memcpy_v6.o(.text)
    __aeabi_memset                           0x08000443   Thumb Code    16  aeabi_memset.o(.text)
    __aeabi_memclr4                          0x08000453   Thumb Code     0  rt_memclr_w.o(.text)
    __aeabi_memclr8                          0x08000453   Thumb Code     0  rt_memclr_w.o(.text)
    __rt_memclr_w                            0x08000453   Thumb Code    78  rt_memclr_w.o(.text)
    _memset_w                                0x08000457   Thumb Code     0  rt_memclr_w.o(.text)
    __use_two_region_memory                  0x080004a1   Thumb Code     2  heapauxi.o(.text)
    __rt_heap_escrow$2region                 0x080004a3   Thumb Code     2  heapauxi.o(.text)
    __rt_heap_expand$2region                 0x080004a5   Thumb Code     2  heapauxi.o(.text)
    __aeabi_memcpy4                          0x080004a7   Thumb Code     0  rt_memcpy_w.o(.text)
    __aeabi_memcpy8                          0x080004a7   Thumb Code     0  rt_memcpy_w.o(.text)
    __rt_memcpy_w                            0x080004a7   Thumb Code   100  rt_memcpy_w.o(.text)
    _memcpy_lastbytes_aligned                0x080004ef   Thumb Code     0  rt_memcpy_w.o(.text)
    __aeabi_memclr                           0x0800050b   Thumb Code     0  rt_memclr.o(.text)
    __rt_memclr                              0x0800050b   Thumb Code    68  rt_memclr.o(.text)
    _memset                                  0x0800050f   Thumb Code     0  rt_memclr.o(.text)
    __user_setup_stackheap                   0x0800054f   Thumb Code    74  sys_stackheap_outer.o(.text)
    exit                                     0x08000599   Thumb Code    18  exit.o(.text)
    __user_libspace                          0x080005ad   Thumb Code     8  libspace.o(.text)
    __user_perproc_libspace                  0x080005ad   Thumb Code     0  libspace.o(.text)
    __user_perthread_libspace                0x080005ad   Thumb Code     0  libspace.o(.text)
    _sys_exit                                0x080005b5   Thumb Code     8  sys_exit.o(.text)
    __I$use$semihosting                      0x080005c1   Thumb Code     0  use_no_semi.o(.text)
    __use_no_semihosting_swi                 0x080005c1   Thumb Code     2  use_no_semi.o(.text)
    BusFault_Handler                         0x080005c3   Thumb Code     2  stm32g4xx_it.o(i.BusFault_Handler)
    __semihosting_library_function           0x080005c3   Thumb Code     0  indicate_semi.o(.text)
    DebugMon_Handler                         0x080005c5   Thumb Code     2  stm32g4xx_it.o(i.DebugMon_Handler)
    Error_Handler                            0x080005c7   Thumb Code     4  main.o(i.Error_Handler)
    FDCAN1_IT0_IRQHandler                    0x080005cd   Thumb Code     6  stm32g4xx_it.o(i.FDCAN1_IT0_IRQHandler)
    FDCAN1_Init                              0x080005d9   Thumb Code    76  fdcan_bsp.o(i.FDCAN1_Init)
    FDCAN2_IT0_IRQHandler                    0x08000625   Thumb Code     6  stm32g4xx_it.o(i.FDCAN2_IT0_IRQHandler)
    FDCAN2_Init                              0x08000631   Thumb Code    78  fdcan_bsp.o(i.FDCAN2_Init)
    FDCAN3_IT0_IRQHandler                    0x08000685   Thumb Code     6  stm32g4xx_it.o(i.FDCAN3_IT0_IRQHandler)
    FDCAN_SendData                           0x08000701   Thumb Code    62  fdcan_bsp.o(i.FDCAN_SendData)
    GET_XY_value                             0x08000741   Thumb Code    78  move.o(i.GET_XY_value)
    GET_Z_value                              0x080007a9   Thumb Code    42  move.o(i.GET_Z_value)
    HAL_FDCAN_ActivateNotification           0x080007e9   Thumb Code   224  stm32g4xx_hal_fdcan.o(i.HAL_FDCAN_ActivateNotification)
    HAL_FDCAN_AddMessageToTxFifoQ            0x080008c9   Thumb Code    74  stm32g4xx_hal_fdcan.o(i.HAL_FDCAN_AddMessageToTxFifoQ)
    HAL_FDCAN_ConfigFilter                   0x08000913   Thumb Code    92  stm32g4xx_hal_fdcan.o(i.HAL_FDCAN_ConfigFilter)
    HAL_FDCAN_ConfigGlobalFilter             0x0800096f   Thumb Code    54  stm32g4xx_hal_fdcan.o(i.HAL_FDCAN_ConfigGlobalFilter)
    HAL_FDCAN_ErrorCallback                  0x080009a5   Thumb Code     2  stm32g4xx_hal_fdcan.o(i.HAL_FDCAN_ErrorCallback)
    HAL_FDCAN_ErrorStatusCallback            0x080009a7   Thumb Code     2  stm32g4xx_hal_fdcan.o(i.HAL_FDCAN_ErrorStatusCallback)
    HAL_FDCAN_GetRxMessage                   0x080009a9   Thumb Code   234  stm32g4xx_hal_fdcan.o(i.HAL_FDCAN_GetRxMessage)
    HAL_FDCAN_HighPriorityMessageCallback    0x08000a99   Thumb Code     2  stm32g4xx_hal_fdcan.o(i.HAL_FDCAN_HighPriorityMessageCallback)
    HAL_FDCAN_IRQHandler                     0x08000a9b   Thumb Code   352  stm32g4xx_hal_fdcan.o(i.HAL_FDCAN_IRQHandler)
    HAL_FDCAN_Init                           0x08000bfd   Thumb Code   512  stm32g4xx_hal_fdcan.o(i.HAL_FDCAN_Init)
    HAL_FDCAN_MspInit                        0x08000e15   Thumb Code   350  fdcan.o(i.HAL_FDCAN_MspInit)
    HAL_FDCAN_RxFifo0Callback                0x08000f91   Thumb Code    46  main.o(i.HAL_FDCAN_RxFifo0Callback)
    HAL_FDCAN_RxFifo1Callback                0x08000fbf   Thumb Code    46  main.o(i.HAL_FDCAN_RxFifo1Callback)
    HAL_FDCAN_Start                          0x08000fed   Thumb Code    44  stm32g4xx_hal_fdcan.o(i.HAL_FDCAN_Start)
    HAL_FDCAN_TimeoutOccurredCallback        0x08001019   Thumb Code     2  stm32g4xx_hal_fdcan.o(i.HAL_FDCAN_TimeoutOccurredCallback)
    HAL_FDCAN_TimestampWraparoundCallback    0x0800101b   Thumb Code     2  stm32g4xx_hal_fdcan.o(i.HAL_FDCAN_TimestampWraparoundCallback)
    HAL_FDCAN_TxBufferAbortCallback          0x0800101d   Thumb Code     2  stm32g4xx_hal_fdcan.o(i.HAL_FDCAN_TxBufferAbortCallback)
    HAL_FDCAN_TxBufferCompleteCallback       0x0800101f   Thumb Code     2  stm32g4xx_hal_fdcan.o(i.HAL_FDCAN_TxBufferCompleteCallback)
    HAL_FDCAN_TxEventFifoCallback            0x08001021   Thumb Code     2  stm32g4xx_hal_fdcan.o(i.HAL_FDCAN_TxEventFifoCallback)
    HAL_FDCAN_TxFifoEmptyCallback            0x08001023   Thumb Code     2  stm32g4xx_hal_fdcan.o(i.HAL_FDCAN_TxFifoEmptyCallback)
    HAL_GPIO_Init                            0x08001025   Thumb Code   550  stm32g4xx_hal_gpio.o(i.HAL_GPIO_Init)
    HAL_GPIO_ReadPin                         0x0800126d   Thumb Code    10  stm32g4xx_hal_gpio.o(i.HAL_GPIO_ReadPin)
    HAL_GPIO_WritePin                        0x08001277   Thumb Code    10  stm32g4xx_hal_gpio.o(i.HAL_GPIO_WritePin)
    HAL_GetTick                              0x08001281   Thumb Code     6  stm32g4xx_hal.o(i.HAL_GetTick)
    HAL_IncTick                              0x0800128d   Thumb Code    12  stm32g4xx_hal.o(i.HAL_IncTick)
    HAL_Init                                 0x0800129d   Thumb Code    30  stm32g4xx_hal.o(i.HAL_Init)
    HAL_InitTick                             0x080012bd   Thumb Code   116  stm32g4xx_hal_timebase_tim.o(i.HAL_InitTick)
    HAL_MspInit                              0x08001345   Thumb Code    54  stm32g4xx_hal_msp.o(i.HAL_MspInit)
    HAL_NVIC_EnableIRQ                       0x08001381   Thumb Code    26  stm32g4xx_hal_cortex.o(i.HAL_NVIC_EnableIRQ)
    HAL_NVIC_SetPriority                     0x0800139d   Thumb Code    60  stm32g4xx_hal_cortex.o(i.HAL_NVIC_SetPriority)
    HAL_NVIC_SetPriorityGrouping             0x080013dd   Thumb Code    26  stm32g4xx_hal_cortex.o(i.HAL_NVIC_SetPriorityGrouping)
    HAL_PWREx_ControlVoltageScaling          0x08001401   Thumb Code   174  stm32g4xx_hal_pwr_ex.o(i.HAL_PWREx_ControlVoltageScaling)
    HAL_PWREx_DisableUCPDDeadBattery         0x080014bd   Thumb Code    12  stm32g4xx_hal_pwr_ex.o(i.HAL_PWREx_DisableUCPDDeadBattery)
    HAL_RCCEx_PeriphCLKConfig                0x080014cd   Thumb Code   758  stm32g4xx_hal_rcc_ex.o(i.HAL_RCCEx_PeriphCLKConfig)
    HAL_RCC_ClockConfig                      0x080017cd   Thumb Code   444  stm32g4xx_hal_rcc.o(i.HAL_RCC_ClockConfig)
    HAL_RCC_GetClockConfig                   0x080019a9   Thumb Code    54  stm32g4xx_hal_rcc.o(i.HAL_RCC_GetClockConfig)
    HAL_RCC_GetPCLK1Freq                     0x080019e9   Thumb Code    24  stm32g4xx_hal_rcc.o(i.HAL_RCC_GetPCLK1Freq)
    HAL_RCC_GetSysClockFreq                  0x08001a0d   Thumb Code    98  stm32g4xx_hal_rcc.o(i.HAL_RCC_GetSysClockFreq)
    HAL_RCC_OscConfig                        0x08001a7d   Thumb Code  1036  stm32g4xx_hal_rcc.o(i.HAL_RCC_OscConfig)
    HAL_SPI_Init                             0x08001e89   Thumb Code   234  stm32g4xx_hal_spi.o(i.HAL_SPI_Init)
    HAL_SPI_MspInit                          0x08001f75   Thumb Code    88  spi.o(i.HAL_SPI_MspInit)
    HAL_SPI_TransmitReceive                  0x08001fd5   Thumb Code   610  stm32g4xx_hal_spi.o(i.HAL_SPI_TransmitReceive)
    HAL_TIMEx_Break2Callback                 0x08002237   Thumb Code     2  stm32g4xx_hal_tim_ex.o(i.HAL_TIMEx_Break2Callback)
    HAL_TIMEx_BreakCallback                  0x08002239   Thumb Code     2  stm32g4xx_hal_tim_ex.o(i.HAL_TIMEx_BreakCallback)
    HAL_TIMEx_CommutCallback                 0x0800223b   Thumb Code     2  stm32g4xx_hal_tim_ex.o(i.HAL_TIMEx_CommutCallback)
    HAL_TIMEx_DirectionChangeCallback        0x0800223d   Thumb Code     2  stm32g4xx_hal_tim_ex.o(i.HAL_TIMEx_DirectionChangeCallback)
    HAL_TIMEx_EncoderIndexCallback           0x0800223f   Thumb Code     2  stm32g4xx_hal_tim_ex.o(i.HAL_TIMEx_EncoderIndexCallback)
    HAL_TIMEx_IndexErrorCallback             0x08002241   Thumb Code     2  stm32g4xx_hal_tim_ex.o(i.HAL_TIMEx_IndexErrorCallback)
    HAL_TIMEx_TransitionErrorCallback        0x08002243   Thumb Code     2  stm32g4xx_hal_tim_ex.o(i.HAL_TIMEx_TransitionErrorCallback)
    HAL_TIM_Base_Init                        0x08002245   Thumb Code    98  stm32g4xx_hal_tim.o(i.HAL_TIM_Base_Init)
    HAL_TIM_Base_MspInit                     0x080022a7   Thumb Code     2  stm32g4xx_hal_tim.o(i.HAL_TIM_Base_MspInit)
    HAL_TIM_Base_Start_IT                    0x080022a9   Thumb Code   106  stm32g4xx_hal_tim.o(i.HAL_TIM_Base_Start_IT)
    HAL_TIM_IC_CaptureCallback               0x08002335   Thumb Code     2  stm32g4xx_hal_tim.o(i.HAL_TIM_IC_CaptureCallback)
    HAL_TIM_IRQHandler                       0x08002337   Thumb Code   508  stm32g4xx_hal_tim.o(i.HAL_TIM_IRQHandler)
    HAL_TIM_OC_DelayElapsedCallback          0x08002533   Thumb Code     2  stm32g4xx_hal_tim.o(i.HAL_TIM_OC_DelayElapsedCallback)
    HAL_TIM_PWM_PulseFinishedCallback        0x08002535   Thumb Code     2  stm32g4xx_hal_tim.o(i.HAL_TIM_PWM_PulseFinishedCallback)
    HAL_TIM_PeriodElapsedCallback            0x08002539   Thumb Code    14  main.o(i.HAL_TIM_PeriodElapsedCallback)
    HAL_TIM_TriggerCallback                  0x0800254d   Thumb Code     2  stm32g4xx_hal_tim.o(i.HAL_TIM_TriggerCallback)
    HardFault_Handler                        0x0800254f   Thumb Code     2  stm32g4xx_it.o(i.HardFault_Handler)
    MX_FDCAN1_Init                           0x08002551   Thumb Code    74  fdcan.o(i.MX_FDCAN1_Init)
    MX_FDCAN2_Init                           0x080025a5   Thumb Code    74  fdcan.o(i.MX_FDCAN2_Init)
    MX_FDCAN3_Init                           0x080025f9   Thumb Code    74  fdcan.o(i.MX_FDCAN3_Init)
    MX_FREERTOS_Init                         0x0800264d   Thumb Code    74  app_freertos.o(i.MX_FREERTOS_Init)
    MX_GPIO_Init                             0x080026b5   Thumb Code   164  gpio.o(i.MX_GPIO_Init)
    MX_SPI1_Init                             0x08002761   Thumb Code    72  spi.o(i.MX_SPI1_Init)
    MemManage_Handler                        0x080027b1   Thumb Code     2  stm32g4xx_it.o(i.MemManage_Handler)
    NMI_Handler                              0x080027b3   Thumb Code     2  stm32g4xx_it.o(i.NMI_Handler)
    NRF_Refresh_Task                         0x080027b5   Thumb Code    18  my_task.o(i.NRF_Refresh_Task)
    Program_Init                             0x080027c9   Thumb Code    28  my_task.o(i.Program_Init)
    RM3508_Get_Feedback                      0x080027f1   Thumb Code    48  fdrm3508.o(i.RM3508_Get_Feedback)
    RM3508_Get_Speed                         0x08002825   Thumb Code    34  fdrm3508.o(i.RM3508_Get_Speed)
    RM3508_Pos_Rec                           0x08002851   Thumb Code    98  fdrm3508.o(i.RM3508_Pos_Rec)
    RM3508_SendData                          0x080028b9   Thumb Code    46  fdrm3508.o(i.RM3508_SendData)
    RM3508_Set_I                             0x080028f5   Thumb Code    56  fdrm3508.o(i.RM3508_Set_I)
    RM3508_Set_Speed                         0x08002935   Thumb Code   294  fdrm3508.o(i.RM3508_Set_Speed)
    Record_Button_Push                       0x08002a65   Thumb Code    92  button_push.o(i.Record_Button_Push)
    StartDefaultTask                         0x08002ca9   Thumb Code     8  app_freertos.o(i.StartDefaultTask)
    SysTick_Handler                          0x08002cb1   Thumb Code    26  cmsis_os2.o(i.SysTick_Handler)
    SystemClock_Config                       0x08002ccb   Thumb Code   100  main.o(i.SystemClock_Config)
    SystemInit                               0x08002d31   Thumb Code    12  system_stm32g4xx_1.o(i.SystemInit)
    TIM3_IRQHandler                          0x08002d41   Thumb Code     6  stm32g4xx_it.o(i.TIM3_IRQHandler)
    TIM_Base_SetConfig                       0x08002d4d   Thumb Code   176  stm32g4xx_hal_tim.o(i.TIM_Base_SetConfig)
    UsageFault_Handler                       0x08002e21   Thumb Code     2  stm32g4xx_it.o(i.UsageFault_Handler)
    ball_get                                 0x08002e45   Thumb Code    80  move.o(i.ball_get)
    ball_spit                                0x08002e9d   Thumb Code   152  move.o(i.ball_spit)
    change_spit                              0x08002f41   Thumb Code    22  move.o(i.change_spit)
    instruction_refresh                      0x08002f71   Thumb Code   108  robot.o(i.instruction_refresh)
    main                                     0x08002fe9   Thumb Code    46  main.o(i.main)
    move_send                                0x08003019   Thumb Code    66  move.o(i.move_send)
    nRF24L01_Check                           0x08003071   Thumb Code    62  nrf.o(i.nRF24L01_Check)
    nRF24L01_Read_Buf                        0x080030b9   Thumb Code    68  nrf.o(i.nRF24L01_Read_Buf)
    nRF24L01_Read_Reg                        0x080030fd   Thumb Code    46  nrf.o(i.nRF24L01_Read_Reg)
    nRF24L01_RxPacket                        0x0800312d   Thumb Code    74  nrf.o(i.nRF24L01_RxPacket)
    nRF24L01_Set_Config                      0x0800317d   Thumb Code   132  nrf.o(i.nRF24L01_Set_Config)
    nRF24L01_Write_Buf                       0x08003209   Thumb Code    66  nrf.o(i.nRF24L01_Write_Buf)
    nRF24L01_Write_Reg                       0x0800324b   Thumb Code    48  nrf.o(i.nRF24L01_Write_Reg)
    nRF24_SPI_Send_Byte                      0x0800327d   Thumb Code    26  nrf.o(i.nRF24_SPI_Send_Byte)
    nrf_init                                 0x0800329d   Thumb Code    20  nrf.o(i.nrf_init)
    nrf_refresh                              0x080032b1   Thumb Code    18  app_freertos.o(i.nrf_refresh)
    osDelay                                  0x080032c9   Thumb Code    26  cmsis_os2.o(i.osDelay)
    osKernelInitialize                       0x080032e5   Thumb Code    32  cmsis_os2.o(i.osKernelInitialize)
    osKernelStart                            0x08003309   Thumb Code    48  cmsis_os2.o(i.osKernelStart)
    osThreadNew                              0x08003341   Thumb Code   138  cmsis_os2.o(i.osThreadNew)
    pvPortMalloc                             0x08003b61   Thumb Code   216  heap_4.o(i.pvPortMalloc)
    pxPortInitialiseStack                    0x08003c3d   Thumb Code    40  port.o(i.pxPortInitialiseStack)
    r2_getball                               0x08003c69   Thumb Code    12  app_freertos.o(i.r2_getball)
    r2_move                                  0x08003c75   Thumb Code    20  app_freertos.o(i.r2_move)
    r2_spitball                              0x08003c89   Thumb Code    16  app_freertos.o(i.r2_spitball)
    read_keys                                0x08003c99   Thumb Code   348  robot.o(i.read_keys)
    read_rocker                              0x08003df9   Thumb Code    26  robot.o(i.read_rocker)
    uxListRemove                             0x08003e19   Thumb Code    38  list.o(i.uxListRemove)
    vApplicationGetIdleTaskMemory            0x08003e41   Thumb Code    16  cmsis_os2.o(i.vApplicationGetIdleTaskMemory)
    vApplicationGetTimerTaskMemory           0x08003e55   Thumb Code    18  cmsis_os2.o(i.vApplicationGetTimerTaskMemory)
    vListInitialise                          0x08003e6d   Thumb Code    22  list.o(i.vListInitialise)
    vListInitialiseItem                      0x08003e83   Thumb Code     6  list.o(i.vListInitialiseItem)
    vListInsert                              0x08003e89   Thumb Code    48  list.o(i.vListInsert)
    vListInsertEnd                           0x08003eb9   Thumb Code    24  list.o(i.vListInsertEnd)
    vPortEnterCritical                       0x08003ed1   Thumb Code    54  port.o(i.vPortEnterCritical)
    vPortExitCritical                        0x08003f11   Thumb Code    34  port.o(i.vPortExitCritical)
    vPortFree                                0x08003f39   Thumb Code    94  heap_4.o(i.vPortFree)
    vPortSetupTimerInterrupt                 0x08003f9d   Thumb Code    32  port.o(i.vPortSetupTimerInterrupt)
    vPortValidateInterruptPriority           0x08003fc1   Thumb Code    74  port.o(i.vPortValidateInterruptPriority)
    vQueueAddToRegistry                      0x08004015   Thumb Code    34  queue.o(i.vQueueAddToRegistry)
    vQueueWaitForMessageRestricted           0x0800403d   Thumb Code    68  queue.o(i.vQueueWaitForMessageRestricted)
    vTaskDelay                               0x08004081   Thumb Code    66  tasks.o(i.vTaskDelay)
    vTaskInternalSetTimeOutState             0x080040cd   Thumb Code    12  tasks.o(i.vTaskInternalSetTimeOutState)
    vTaskMissedYield                         0x080040dd   Thumb Code     8  tasks.o(i.vTaskMissedYield)
    vTaskPlaceOnEventList                    0x080040e9   Thumb Code    44  tasks.o(i.vTaskPlaceOnEventList)
    vTaskPlaceOnEventListRestricted          0x08004119   Thumb Code    52  tasks.o(i.vTaskPlaceOnEventListRestricted)
    vTaskStartScheduler                      0x08004151   Thumb Code   118  tasks.o(i.vTaskStartScheduler)
    vTaskSuspendAll                          0x080041d9   Thumb Code    10  tasks.o(i.vTaskSuspendAll)
    vTaskSwitchContext                       0x080041e9   Thumb Code    90  tasks.o(i.vTaskSwitchContext)
    xPortStartScheduler                      0x0800424d   Thumb Code   222  port.o(i.xPortStartScheduler)
    xPortSysTickHandler                      0x08004341   Thumb Code    38  port.o(i.xPortSysTickHandler)
    xQueueGenericCreateStatic                0x0800436d   Thumb Code   102  queue.o(i.xQueueGenericCreateStatic)
    xQueueGenericReset                       0x080043d5   Thumb Code   132  queue.o(i.xQueueGenericReset)
    xQueueGenericSend                        0x0800445d   Thumb Code   346  queue.o(i.xQueueGenericSend)
    xQueueGenericSendFromISR                 0x080045bd   Thumb Code   190  queue.o(i.xQueueGenericSendFromISR)
    xQueueReceive                            0x0800467d   Thumb Code   308  queue.o(i.xQueueReceive)
    xTaskCheckForTimeOut                     0x080047b5   Thumb Code   112  tasks.o(i.xTaskCheckForTimeOut)
    xTaskCreate                              0x08004829   Thumb Code    90  tasks.o(i.xTaskCreate)
    xTaskCreateStatic                        0x08004883   Thumb Code    86  tasks.o(i.xTaskCreateStatic)
    xTaskGetSchedulerState                   0x080048d9   Thumb Code    22  tasks.o(i.xTaskGetSchedulerState)
    xTaskGetTickCount                        0x080048f5   Thumb Code     6  tasks.o(i.xTaskGetTickCount)
    xTaskIncrementTick                       0x08004901   Thumb Code   192  tasks.o(i.xTaskIncrementTick)
    xTaskPriorityDisinherit                  0x080049c9   Thumb Code   118  tasks.o(i.xTaskPriorityDisinherit)
    xTaskRemoveFromEventList                 0x08004a49   Thumb Code    98  tasks.o(i.xTaskRemoveFromEventList)
    xTaskResumeAll                           0x08004ab9   Thumb Code   182  tasks.o(i.xTaskResumeAll)
    xTimerCreateTimerTask                    0x08004b7d   Thumb Code    78  timers.o(i.xTimerCreateTimerTask)
    xTimerGenericCommand                     0x08004bdd   Thumb Code    98  timers.o(i.xTimerGenericCommand)
    __aeabi_d2f                              0x08004c45   Thumb Code     0  d2f.o(x$fpl$d2f)
    _d2f                                     0x08004c45   Thumb Code    98  d2f.o(x$fpl$d2f)
    __aeabi_ddiv                             0x08004ca9   Thumb Code     0  ddiv.o(x$fpl$ddiv)
    _ddiv                                    0x08004ca9   Thumb Code   552  ddiv.o(x$fpl$ddiv)
    __aeabi_i2d                              0x08004f59   Thumb Code     0  dflt_clz.o(x$fpl$dflt)
    _dflt                                    0x08004f59   Thumb Code    46  dflt_clz.o(x$fpl$dflt)
    __fpl_dnaninf                            0x08004f87   Thumb Code   156  dnaninf.o(x$fpl$dnaninf)
    __fpl_dretinf                            0x08005023   Thumb Code    12  dretinf.o(x$fpl$dretinf)
    _fp_init                                 0x0800502f   Thumb Code    10  fpinit.o(x$fpl$fpinit)
    __fplib_config_fpu_vfp                   0x08005037   Thumb Code     0  fpinit.o(x$fpl$fpinit)
    __fplib_config_pureend_doubles           0x08005037   Thumb Code     0  fpinit.o(x$fpl$fpinit)
    __fpl_fretinf                            0x08005039   Thumb Code    10  fretinf.o(x$fpl$fretinf)
    __I$use$fp                               0x08005042   Number         0  usenofp.o(x$fpl$usenofp)
    defaultTask_attributes                   0x08005044   Data          36  app_freertos.o(.constdata)
    myTask02_attributes                      0x08005068   Data          36  app_freertos.o(.constdata)
    myTask03_attributes                      0x0800508c   Data          36  app_freertos.o(.constdata)
    myTask04_attributes                      0x080050b0   Data          36  app_freertos.o(.constdata)
    myTask05_attributes                      0x080050d4   Data          36  app_freertos.o(.constdata)
    AHBPrescTable                            0x08005108   Data          16  system_stm32g4xx_1.o(.constdata)
    APBPrescTable                            0x08005118   Data           8  system_stm32g4xx_1.o(.constdata)
    Region$$Table$$Base                      0x0800515c   Number         0  anon$$obj.o(Region$$Table)
    Region$$Table$$Limit                     0x0800517c   Number         0  anon$$obj.o(Region$$Table)
    TxData                                   0x20000000   Data           8  move.o(.data)
    nrf_mode                                 0x20000008   Data           1  robot.o(.data)
    RX_ADDRESS0                              0x20000009   Data           5  nrf.o(.data)
    tx_channel_addr                          0x2000000e   Data           5  nrf.o(.data)
    RM3508_Sendbuf1                          0x20000014   Data           8  fdrm3508.o(.data)
    RM3508_Sendbuf2                          0x2000001c   Data           8  fdrm3508.o(.data)
    M3508_Speed_Pid                          0x20000024   Data         544  fdrm3508.o(.data)
    M3508_Pos_Pid                            0x20000244   Data         544  fdrm3508.o(.data)
    max_speed                                0x20000464   Data           4  main.o(.data)
    VX                                       0x20000468   Data           4  main.o(.data)
    VY                                       0x2000046c   Data           4  main.o(.data)
    VZ                                       0x20000470   Data           4  main.o(.data)
    getball_spd                              0x20000474   Data           4  main.o(.data)
    spitball_spd                             0x20000478   Data           4  main.o(.data)
    change                                   0x2000047c   Data          20  main.o(.data)
    defaultTaskHandle                        0x20000490   Data           4  app_freertos.o(.data)
    myTask02Handle                           0x20000494   Data           4  app_freertos.o(.data)
    myTask03Handle                           0x20000498   Data           4  app_freertos.o(.data)
    myTask04Handle                           0x2000049c   Data           4  app_freertos.o(.data)
    myTask05Handle                           0x200004a0   Data           4  app_freertos.o(.data)
    uwTickPrio                               0x200004a8   Data           4  stm32g4xx_hal.o(.data)
    uwTickFreq                               0x200004ac   Data           4  stm32g4xx_hal.o(.data)
    uwTick                                   0x200004b0   Data           4  stm32g4xx_hal.o(.data)
    SystemCoreClock                          0x200004b4   Data           4  system_stm32g4xx_1.o(.data)
    pxCurrentTCB                             0x200004b8   Data           4  tasks.o(.data)
    button_last                              0x20000538   Data          30  button_push.o(.bss)
    button_push_tmp                          0x20000556   Data          30  button_push.o(.bss)
    button_push_cnt                          0x20000574   Data         120  button_push.o(.bss)
    nrf_cmd                                  0x200005ec   Data          32  robot.o(.bss)
    nrf_trans_cmd                            0x2000060c   Data          14  robot.o(.bss)
    button                                   0x2000061a   Data          28  robot.o(.bss)
    handle                                   0x20000636   Data          36  robot.o(.bss)
    nRF24L01_ack_pay                         0x2000065a   Data          35  nrf.o(.bss)
    RM3508_Feedback_Buf                      0x200006c0   Data          56  fdrm3508.o(.bss)
    RM3508_Pos                               0x200006f8   Data          32  fdrm3508.o(.bss)
    hfdcan1                                  0x20000718   Data         100  fdcan.o(.bss)
    hfdcan2                                  0x2000077c   Data         100  fdcan.o(.bss)
    hfdcan3                                  0x200007e0   Data         100  fdcan.o(.bss)
    hspi1                                    0x20000844   Data         100  spi.o(.bss)
    htim3                                    0x200008a8   Data          76  stm32g4xx_hal_timebase_tim.o(.bss)
    xQueueRegistry                           0x200008f4   Data          64  queue.o(.bss)
    __libspace_start                         0x200021c8   Data          96  libspace.o(.bss)
    __temporary_stack_top$libspace           0x20002228   Data           0  libspace.o(.bss)



==============================================================================

Memory Map of the image

  Image Entry point : 0x080001d9

  Load Region LR_IROM1 (Base: 0x08000000, Size: 0x000056b4, Max: 0x00080000, ABSOLUTE, COMPRESSED[0x000051f4])

    Execution Region ER_IROM1 (Exec base: 0x08000000, Load base: 0x08000000, Size: 0x0000517c, Max: 0x00080000, ABSOLUTE)

    Exec Addr    Load Addr    Size         Type   Attr      Idx    E Section Name        Object

    0x08000000   0x08000000   0x000001d8   Data   RO            3    RESET               startup_stm32g474xx.o
    0x080001d8   0x080001d8   0x00000008   Code   RO         6195  * !!!main             c_w.l(__main.o)
    0x080001e0   0x080001e0   0x00000034   Code   RO         6381    !!!scatter          c_w.l(__scatter.o)
    0x08000214   0x08000214   0x0000005a   Code   RO         6379    !!dczerorl2         c_w.l(__dczerorl2.o)
    0x0800026e   0x0800026e   0x00000002   PAD
    0x08000270   0x08000270   0x0000001c   Code   RO         6383    !!handler_zi        c_w.l(__scatter_zi.o)
    0x0800028c   0x0800028c   0x00000002   Code   RO         6247    .ARM.Collect$$libinit$$00000000  c_w.l(libinit.o)
    0x0800028e   0x0800028e   0x00000004   Code   RO         6253    .ARM.Collect$$libinit$$00000001  c_w.l(libinit2.o)
    0x08000292   0x08000292   0x00000000   Code   RO         6256    .ARM.Collect$$libinit$$00000004  c_w.l(libinit2.o)
    0x08000292   0x08000292   0x00000000   Code   RO         6259    .ARM.Collect$$libinit$$0000000A  c_w.l(libinit2.o)
    0x08000292   0x08000292   0x00000000   Code   RO         6261    .ARM.Collect$$libinit$$0000000C  c_w.l(libinit2.o)
    0x08000292   0x08000292   0x00000000   Code   RO         6263    .ARM.Collect$$libinit$$0000000E  c_w.l(libinit2.o)
    0x08000292   0x08000292   0x00000000   Code   RO         6266    .ARM.Collect$$libinit$$00000011  c_w.l(libinit2.o)
    0x08000292   0x08000292   0x00000000   Code   RO         6268    .ARM.Collect$$libinit$$00000013  c_w.l(libinit2.o)
    0x08000292   0x08000292   0x00000000   Code   RO         6270    .ARM.Collect$$libinit$$00000015  c_w.l(libinit2.o)
    0x08000292   0x08000292   0x00000000   Code   RO         6272    .ARM.Collect$$libinit$$00000017  c_w.l(libinit2.o)
    0x08000292   0x08000292   0x00000000   Code   RO         6274    .ARM.Collect$$libinit$$00000019  c_w.l(libinit2.o)
    0x08000292   0x08000292   0x00000000   Code   RO         6276    .ARM.Collect$$libinit$$0000001B  c_w.l(libinit2.o)
    0x08000292   0x08000292   0x00000000   Code   RO         6278    .ARM.Collect$$libinit$$0000001D  c_w.l(libinit2.o)
    0x08000292   0x08000292   0x00000000   Code   RO         6280    .ARM.Collect$$libinit$$0000001F  c_w.l(libinit2.o)
    0x08000292   0x08000292   0x00000000   Code   RO         6282    .ARM.Collect$$libinit$$00000021  c_w.l(libinit2.o)
    0x08000292   0x08000292   0x00000000   Code   RO         6284    .ARM.Collect$$libinit$$00000023  c_w.l(libinit2.o)
    0x08000292   0x08000292   0x00000000   Code   RO         6286    .ARM.Collect$$libinit$$00000025  c_w.l(libinit2.o)
    0x08000292   0x08000292   0x00000000   Code   RO         6290    .ARM.Collect$$libinit$$0000002C  c_w.l(libinit2.o)
    0x08000292   0x08000292   0x00000000   Code   RO         6292    .ARM.Collect$$libinit$$0000002E  c_w.l(libinit2.o)
    0x08000292   0x08000292   0x00000000   Code   RO         6294    .ARM.Collect$$libinit$$00000030  c_w.l(libinit2.o)
    0x08000292   0x08000292   0x00000000   Code   RO         6296    .ARM.Collect$$libinit$$00000032  c_w.l(libinit2.o)
    0x08000292   0x08000292   0x00000002   Code   RO         6297    .ARM.Collect$$libinit$$00000033  c_w.l(libinit2.o)
    0x08000294   0x08000294   0x00000002   Code   RO         6317    .ARM.Collect$$libshutdown$$00000000  c_w.l(libshutdown.o)
    0x08000296   0x08000296   0x00000000   Code   RO         6330    .ARM.Collect$$libshutdown$$00000002  c_w.l(libshutdown2.o)
    0x08000296   0x08000296   0x00000000   Code   RO         6332    .ARM.Collect$$libshutdown$$00000004  c_w.l(libshutdown2.o)
    0x08000296   0x08000296   0x00000000   Code   RO         6334    .ARM.Collect$$libshutdown$$00000006  c_w.l(libshutdown2.o)
    0x08000296   0x08000296   0x00000000   Code   RO         6337    .ARM.Collect$$libshutdown$$00000009  c_w.l(libshutdown2.o)
    0x08000296   0x08000296   0x00000000   Code   RO         6340    .ARM.Collect$$libshutdown$$0000000C  c_w.l(libshutdown2.o)
    0x08000296   0x08000296   0x00000000   Code   RO         6342    .ARM.Collect$$libshutdown$$0000000E  c_w.l(libshutdown2.o)
    0x08000296   0x08000296   0x00000000   Code   RO         6345    .ARM.Collect$$libshutdown$$00000011  c_w.l(libshutdown2.o)
    0x08000296   0x08000296   0x00000002   Code   RO         6346    .ARM.Collect$$libshutdown$$00000012  c_w.l(libshutdown2.o)
    0x08000298   0x08000298   0x00000000   Code   RO         6211    .ARM.Collect$$rtentry$$00000000  c_w.l(__rtentry.o)
    0x08000298   0x08000298   0x00000000   Code   RO         6224    .ARM.Collect$$rtentry$$00000002  c_w.l(__rtentry2.o)
    0x08000298   0x08000298   0x00000006   Code   RO         6236    .ARM.Collect$$rtentry$$00000004  c_w.l(__rtentry4.o)
    0x0800029e   0x0800029e   0x00000000   Code   RO         6226    .ARM.Collect$$rtentry$$00000009  c_w.l(__rtentry2.o)
    0x0800029e   0x0800029e   0x00000004   Code   RO         6227    .ARM.Collect$$rtentry$$0000000A  c_w.l(__rtentry2.o)
    0x080002a2   0x080002a2   0x00000000   Code   RO         6229    .ARM.Collect$$rtentry$$0000000C  c_w.l(__rtentry2.o)
    0x080002a2   0x080002a2   0x00000008   Code   RO         6230    .ARM.Collect$$rtentry$$0000000D  c_w.l(__rtentry2.o)
    0x080002aa   0x080002aa   0x00000002   Code   RO         6251    .ARM.Collect$$rtexit$$00000000  c_w.l(rtexit.o)
    0x080002ac   0x080002ac   0x00000000   Code   RO         6299    .ARM.Collect$$rtexit$$00000002  c_w.l(rtexit2.o)
    0x080002ac   0x080002ac   0x00000004   Code   RO         6300    .ARM.Collect$$rtexit$$00000003  c_w.l(rtexit2.o)
    0x080002b0   0x080002b0   0x00000006   Code   RO         6301    .ARM.Collect$$rtexit$$00000004  c_w.l(rtexit2.o)
    0x080002b6   0x080002b6   0x00000002   PAD
    0x080002b8   0x080002b8   0x000000be   Code   RO         6106    .emb_text           port.o
    0x08000376   0x08000376   0x00000002   PAD
    0x08000378   0x08000378   0x00000040   Code   RO            4    .text               startup_stm32g474xx.o
    0x080003b8   0x080003b8   0x0000008a   Code   RO         6185    .text               c_w.l(rt_memcpy_v6.o)
    0x08000442   0x08000442   0x00000010   Code   RO         6189    .text               c_w.l(aeabi_memset.o)
    0x08000452   0x08000452   0x0000004e   Code   RO         6191    .text               c_w.l(rt_memclr_w.o)
    0x080004a0   0x080004a0   0x00000006   Code   RO         6193    .text               c_w.l(heapauxi.o)
    0x080004a6   0x080004a6   0x00000064   Code   RO         6212    .text               c_w.l(rt_memcpy_w.o)
    0x0800050a   0x0800050a   0x00000044   Code   RO         6214    .text               c_w.l(rt_memclr.o)
    0x0800054e   0x0800054e   0x0000004a   Code   RO         6238    .text               c_w.l(sys_stackheap_outer.o)
    0x08000598   0x08000598   0x00000012   Code   RO         6240    .text               c_w.l(exit.o)
    0x080005aa   0x080005aa   0x00000002   PAD
    0x080005ac   0x080005ac   0x00000008   Code   RO         6248    .text               c_w.l(libspace.o)
    0x080005b4   0x080005b4   0x0000000c   Code   RO         6309    .text               c_w.l(sys_exit.o)
    0x080005c0   0x080005c0   0x00000002   Code   RO         6320    .text               c_w.l(use_no_semi.o)
    0x080005c2   0x080005c2   0x00000000   Code   RO         6322    .text               c_w.l(indicate_semi.o)
    0x080005c2   0x080005c2   0x00000002   Code   RO          873    i.BusFault_Handler  stm32g4xx_it.o
    0x080005c4   0x080005c4   0x00000002   Code   RO          874    i.DebugMon_Handler  stm32g4xx_it.o
    0x080005c6   0x080005c6   0x00000004   Code   RO          589    i.Error_Handler     main.o
    0x080005ca   0x080005ca   0x00000002   PAD
    0x080005cc   0x080005cc   0x0000000c   Code   RO          875    i.FDCAN1_IT0_IRQHandler  stm32g4xx_it.o
    0x080005d8   0x080005d8   0x0000004c   Code   RO          331    i.FDCAN1_Init       fdcan_bsp.o
    0x08000624   0x08000624   0x0000000c   Code   RO          876    i.FDCAN2_IT0_IRQHandler  stm32g4xx_it.o
    0x08000630   0x08000630   0x00000054   Code   RO          332    i.FDCAN2_Init       fdcan_bsp.o
    0x08000684   0x08000684   0x0000000c   Code   RO          877    i.FDCAN3_IT0_IRQHandler  stm32g4xx_it.o
    0x08000690   0x08000690   0x00000070   Code   RO         1018    i.FDCAN_CopyMessageToRAM  stm32g4xx_hal_fdcan.o
    0x08000700   0x08000700   0x0000003e   Code   RO          333    i.FDCAN_SendData    fdcan_bsp.o
    0x0800073e   0x0800073e   0x00000002   PAD
    0x08000740   0x08000740   0x00000068   Code   RO          165    i.GET_XY_value      move.o
    0x080007a8   0x080007a8   0x00000040   Code   RO          166    i.GET_Z_value       move.o
    0x080007e8   0x080007e8   0x000000e0   Code   RO         1020    i.HAL_FDCAN_ActivateNotification  stm32g4xx_hal_fdcan.o
    0x080008c8   0x080008c8   0x0000004a   Code   RO         1021    i.HAL_FDCAN_AddMessageToTxFifoQ  stm32g4xx_hal_fdcan.o
    0x08000912   0x08000912   0x0000005c   Code   RO         1023    i.HAL_FDCAN_ConfigFilter  stm32g4xx_hal_fdcan.o
    0x0800096e   0x0800096e   0x00000036   Code   RO         1024    i.HAL_FDCAN_ConfigGlobalFilter  stm32g4xx_hal_fdcan.o
    0x080009a4   0x080009a4   0x00000002   Code   RO         1044    i.HAL_FDCAN_ErrorCallback  stm32g4xx_hal_fdcan.o
    0x080009a6   0x080009a6   0x00000002   Code   RO         1045    i.HAL_FDCAN_ErrorStatusCallback  stm32g4xx_hal_fdcan.o
    0x080009a8   0x080009a8   0x000000f0   Code   RO         1054    i.HAL_FDCAN_GetRxMessage  stm32g4xx_hal_fdcan.o
    0x08000a98   0x08000a98   0x00000002   Code   RO         1060    i.HAL_FDCAN_HighPriorityMessageCallback  stm32g4xx_hal_fdcan.o
    0x08000a9a   0x08000a9a   0x00000160   Code   RO         1061    i.HAL_FDCAN_IRQHandler  stm32g4xx_hal_fdcan.o
    0x08000bfa   0x08000bfa   0x00000002   PAD
    0x08000bfc   0x08000bfc   0x00000218   Code   RO         1062    i.HAL_FDCAN_Init    stm32g4xx_hal_fdcan.o
    0x08000e14   0x08000e14   0x0000017c   Code   RO          777    i.HAL_FDCAN_MspInit  fdcan.o
    0x08000f90   0x08000f90   0x0000002e   Code   RO          590    i.HAL_FDCAN_RxFifo0Callback  main.o
    0x08000fbe   0x08000fbe   0x0000002e   Code   RO          591    i.HAL_FDCAN_RxFifo1Callback  main.o
    0x08000fec   0x08000fec   0x0000002c   Code   RO         1071    i.HAL_FDCAN_Start   stm32g4xx_hal_fdcan.o
    0x08001018   0x08001018   0x00000002   Code   RO         1073    i.HAL_FDCAN_TimeoutOccurredCallback  stm32g4xx_hal_fdcan.o
    0x0800101a   0x0800101a   0x00000002   Code   RO         1074    i.HAL_FDCAN_TimestampWraparoundCallback  stm32g4xx_hal_fdcan.o
    0x0800101c   0x0800101c   0x00000002   Code   RO         1075    i.HAL_FDCAN_TxBufferAbortCallback  stm32g4xx_hal_fdcan.o
    0x0800101e   0x0800101e   0x00000002   Code   RO         1076    i.HAL_FDCAN_TxBufferCompleteCallback  stm32g4xx_hal_fdcan.o
    0x08001020   0x08001020   0x00000002   Code   RO         1077    i.HAL_FDCAN_TxEventFifoCallback  stm32g4xx_hal_fdcan.o
    0x08001022   0x08001022   0x00000002   Code   RO         1078    i.HAL_FDCAN_TxFifoEmptyCallback  stm32g4xx_hal_fdcan.o
    0x08001024   0x08001024   0x00000248   Code   RO         2117    i.HAL_GPIO_Init     stm32g4xx_hal_gpio.o
    0x0800126c   0x0800126c   0x0000000a   Code   RO         2119    i.HAL_GPIO_ReadPin  stm32g4xx_hal_gpio.o
    0x08001276   0x08001276   0x0000000a   Code   RO         2121    i.HAL_GPIO_WritePin  stm32g4xx_hal_gpio.o
    0x08001280   0x08001280   0x0000000c   Code   RO         1414    i.HAL_GetTick       stm32g4xx_hal.o
    0x0800128c   0x0800128c   0x00000010   Code   RO         1417    i.HAL_IncTick       stm32g4xx_hal.o
    0x0800129c   0x0800129c   0x0000001e   Code   RO         1418    i.HAL_Init          stm32g4xx_hal.o
    0x080012ba   0x080012ba   0x00000002   PAD
    0x080012bc   0x080012bc   0x00000088   Code   RO          979    i.HAL_InitTick      stm32g4xx_hal_timebase_tim.o
    0x08001344   0x08001344   0x0000003c   Code   RO          955    i.HAL_MspInit       stm32g4xx_hal_msp.o
    0x08001380   0x08001380   0x0000001a   Code   RO         2764    i.HAL_NVIC_EnableIRQ  stm32g4xx_hal_cortex.o
    0x0800139a   0x0800139a   0x00000002   PAD
    0x0800139c   0x0800139c   0x00000040   Code   RO         2770    i.HAL_NVIC_SetPriority  stm32g4xx_hal_cortex.o
    0x080013dc   0x080013dc   0x00000024   Code   RO         2771    i.HAL_NVIC_SetPriorityGrouping  stm32g4xx_hal_cortex.o
    0x08001400   0x08001400   0x000000bc   Code   RO         2520    i.HAL_PWREx_ControlVoltageScaling  stm32g4xx_hal_pwr_ex.o
    0x080014bc   0x080014bc   0x00000010   Code   RO         2532    i.HAL_PWREx_DisableUCPDDeadBattery  stm32g4xx_hal_pwr_ex.o
    0x080014cc   0x080014cc   0x00000300   Code   RO         1763    i.HAL_RCCEx_PeriphCLKConfig  stm32g4xx_hal_rcc_ex.o
    0x080017cc   0x080017cc   0x000001dc   Code   RO         1638    i.HAL_RCC_ClockConfig  stm32g4xx_hal_rcc.o
    0x080019a8   0x080019a8   0x00000040   Code   RO         1643    i.HAL_RCC_GetClockConfig  stm32g4xx_hal_rcc.o
    0x080019e8   0x080019e8   0x00000024   Code   RO         1646    i.HAL_RCC_GetPCLK1Freq  stm32g4xx_hal_rcc.o
    0x08001a0c   0x08001a0c   0x00000070   Code   RO         1648    i.HAL_RCC_GetSysClockFreq  stm32g4xx_hal_rcc.o
    0x08001a7c   0x08001a7c   0x0000040c   Code   RO         1651    i.HAL_RCC_OscConfig  stm32g4xx_hal_rcc.o
    0x08001e88   0x08001e88   0x000000ea   Code   RO         2905    i.HAL_SPI_Init      stm32g4xx_hal_spi.o
    0x08001f72   0x08001f72   0x00000002   PAD
    0x08001f74   0x08001f74   0x00000060   Code   RO          832    i.HAL_SPI_MspInit   spi.o
    0x08001fd4   0x08001fd4   0x00000262   Code   RO         2914    i.HAL_SPI_TransmitReceive  stm32g4xx_hal_spi.o
    0x08002236   0x08002236   0x00000002   Code   RO         3961    i.HAL_TIMEx_Break2Callback  stm32g4xx_hal_tim_ex.o
    0x08002238   0x08002238   0x00000002   Code   RO         3962    i.HAL_TIMEx_BreakCallback  stm32g4xx_hal_tim_ex.o
    0x0800223a   0x0800223a   0x00000002   Code   RO         3963    i.HAL_TIMEx_CommutCallback  stm32g4xx_hal_tim_ex.o
    0x0800223c   0x0800223c   0x00000002   Code   RO         3974    i.HAL_TIMEx_DirectionChangeCallback  stm32g4xx_hal_tim_ex.o
    0x0800223e   0x0800223e   0x00000002   Code   RO         3988    i.HAL_TIMEx_EncoderIndexCallback  stm32g4xx_hal_tim_ex.o
    0x08002240   0x08002240   0x00000002   Code   RO         4002    i.HAL_TIMEx_IndexErrorCallback  stm32g4xx_hal_tim_ex.o
    0x08002242   0x08002242   0x00000002   Code   RO         4024    i.HAL_TIMEx_TransitionErrorCallback  stm32g4xx_hal_tim_ex.o
    0x08002244   0x08002244   0x00000062   Code   RO         3247    i.HAL_TIM_Base_Init  stm32g4xx_hal_tim.o
    0x080022a6   0x080022a6   0x00000002   Code   RO         3249    i.HAL_TIM_Base_MspInit  stm32g4xx_hal_tim.o
    0x080022a8   0x080022a8   0x0000008c   Code   RO         3252    i.HAL_TIM_Base_Start_IT  stm32g4xx_hal_tim.o
    0x08002334   0x08002334   0x00000002   Code   RO         3281    i.HAL_TIM_IC_CaptureCallback  stm32g4xx_hal_tim.o
    0x08002336   0x08002336   0x000001fc   Code   RO         3295    i.HAL_TIM_IRQHandler  stm32g4xx_hal_tim.o
    0x08002532   0x08002532   0x00000002   Code   RO         3298    i.HAL_TIM_OC_DelayElapsedCallback  stm32g4xx_hal_tim.o
    0x08002534   0x08002534   0x00000002   Code   RO         3325    i.HAL_TIM_PWM_PulseFinishedCallback  stm32g4xx_hal_tim.o
    0x08002536   0x08002536   0x00000002   PAD
    0x08002538   0x08002538   0x00000014   Code   RO          592    i.HAL_TIM_PeriodElapsedCallback  main.o
    0x0800254c   0x0800254c   0x00000002   Code   RO         3338    i.HAL_TIM_TriggerCallback  stm32g4xx_hal_tim.o
    0x0800254e   0x0800254e   0x00000002   Code   RO          878    i.HardFault_Handler  stm32g4xx_it.o
    0x08002550   0x08002550   0x00000054   Code   RO          778    i.MX_FDCAN1_Init    fdcan.o
    0x080025a4   0x080025a4   0x00000054   Code   RO          779    i.MX_FDCAN2_Init    fdcan.o
    0x080025f8   0x080025f8   0x00000054   Code   RO          780    i.MX_FDCAN3_Init    fdcan.o
    0x0800264c   0x0800264c   0x00000068   Code   RO          709    i.MX_FREERTOS_Init  app_freertos.o
    0x080026b4   0x080026b4   0x000000ac   Code   RO          685    i.MX_GPIO_Init      gpio.o
    0x08002760   0x08002760   0x00000050   Code   RO          833    i.MX_SPI1_Init      spi.o
    0x080027b0   0x080027b0   0x00000002   Code   RO          879    i.MemManage_Handler  stm32g4xx_it.o
    0x080027b2   0x080027b2   0x00000002   Code   RO          880    i.NMI_Handler       stm32g4xx_it.o
    0x080027b4   0x080027b4   0x00000012   Code   RO          254    i.NRF_Refresh_Task  my_task.o
    0x080027c6   0x080027c6   0x00000002   PAD
    0x080027c8   0x080027c8   0x00000028   Code   RO          255    i.Program_Init      my_task.o
    0x080027f0   0x080027f0   0x00000034   Code   RO          492    i.RM3508_Get_Feedback  fdrm3508.o
    0x08002824   0x08002824   0x0000002c   Code   RO          494    i.RM3508_Get_Speed  fdrm3508.o
    0x08002850   0x08002850   0x00000068   Code   RO          496    i.RM3508_Pos_Rec    fdrm3508.o
    0x080028b8   0x080028b8   0x0000003c   Code   RO          497    i.RM3508_SendData   fdrm3508.o
    0x080028f4   0x080028f4   0x00000040   Code   RO          498    i.RM3508_Set_I      fdrm3508.o
    0x08002934   0x08002934   0x00000130   Code   RO          500    i.RM3508_Set_Speed  fdrm3508.o
    0x08002a64   0x08002a64   0x00000064   Code   RO           13    i.Record_Button_Push  button_push.o
    0x08002ac8   0x08002ac8   0x00000048   Code   RO         2943    i.SPI_EndRxTxTransaction  stm32g4xx_hal_spi.o
    0x08002b10   0x08002b10   0x000000e0   Code   RO         2948    i.SPI_WaitFifoStateUntilTimeout  stm32g4xx_hal_spi.o
    0x08002bf0   0x08002bf0   0x000000b8   Code   RO         2949    i.SPI_WaitFlagStateUntilTimeout  stm32g4xx_hal_spi.o
    0x08002ca8   0x08002ca8   0x00000008   Code   RO          710    i.StartDefaultTask  app_freertos.o
    0x08002cb0   0x08002cb0   0x0000001a   Code   RO         5538    i.SysTick_Handler   cmsis_os2.o
    0x08002cca   0x08002cca   0x00000064   Code   RO          593    i.SystemClock_Config  main.o
    0x08002d2e   0x08002d2e   0x00000002   PAD
    0x08002d30   0x08002d30   0x00000010   Code   RO         4391    i.SystemInit        system_stm32g4xx_1.o
    0x08002d40   0x08002d40   0x0000000c   Code   RO          881    i.TIM3_IRQHandler   stm32g4xx_it.o
    0x08002d4c   0x08002d4c   0x000000d4   Code   RO         3340    i.TIM_Base_SetConfig  stm32g4xx_hal_tim.o
    0x08002e20   0x08002e20   0x00000002   Code   RO          882    i.UsageFault_Handler  stm32g4xx_it.o
    0x08002e22   0x08002e22   0x00000020   Code   RO         2777    i.__NVIC_SetPriority  stm32g4xx_hal_cortex.o
    0x08002e42   0x08002e42   0x00000002   PAD
    0x08002e44   0x08002e44   0x00000058   Code   RO          167    i.ball_get          move.o
    0x08002e9c   0x08002e9c   0x000000a4   Code   RO          168    i.ball_spit         move.o
    0x08002f40   0x08002f40   0x00000020   Code   RO          169    i.change_spit       move.o
    0x08002f60   0x08002f60   0x00000010   Code   RO          373    i.delay_us          nrf.o
    0x08002f70   0x08002f70   0x00000078   Code   RO          284    i.instruction_refresh  robot.o
    0x08002fe8   0x08002fe8   0x0000002e   Code   RO          594    i.main              main.o
    0x08003016   0x08003016   0x00000002   PAD
    0x08003018   0x08003018   0x00000058   Code   RO          170    i.move_send         move.o
    0x08003070   0x08003070   0x00000048   Code   RO          374    i.nRF24L01_Check    nrf.o
    0x080030b8   0x080030b8   0x00000044   Code   RO          375    i.nRF24L01_Read_Buf  nrf.o
    0x080030fc   0x080030fc   0x0000002e   Code   RO          376    i.nRF24L01_Read_Reg  nrf.o
    0x0800312a   0x0800312a   0x00000002   PAD
    0x0800312c   0x0800312c   0x00000050   Code   RO          377    i.nRF24L01_RxPacket  nrf.o
    0x0800317c   0x0800317c   0x0000008c   Code   RO          379    i.nRF24L01_Set_Config  nrf.o
    0x08003208   0x08003208   0x00000042   Code   RO          383    i.nRF24L01_Write_Buf  nrf.o
    0x0800324a   0x0800324a   0x00000030   Code   RO          384    i.nRF24L01_Write_Reg  nrf.o
    0x0800327a   0x0800327a   0x00000002   PAD
    0x0800327c   0x0800327c   0x00000020   Code   RO          385    i.nRF24_SPI_Send_Byte  nrf.o
    0x0800329c   0x0800329c   0x00000014   Code   RO          386    i.nrf_init          nrf.o
    0x080032b0   0x080032b0   0x00000018   Code   RO          711    i.nrf_refresh       app_freertos.o
    0x080032c8   0x080032c8   0x0000001a   Code   RO         5540    i.osDelay           cmsis_os2.o
    0x080032e2   0x080032e2   0x00000002   PAD
    0x080032e4   0x080032e4   0x00000024   Code   RO         5554    i.osKernelInitialize  cmsis_os2.o
    0x08003308   0x08003308   0x00000038   Code   RO         5557    i.osKernelStart     cmsis_os2.o
    0x08003340   0x08003340   0x0000008a   Code   RO         5599    i.osThreadNew       cmsis_os2.o
    0x080033ca   0x080033ca   0x00000002   PAD
    0x080033cc   0x080033cc   0x0000005c   Code   RO         4999    i.prvAddCurrentTaskToDelayedList  tasks.o
    0x08003428   0x08003428   0x000000d0   Code   RO         5000    i.prvAddNewTaskToReadyList  tasks.o
    0x080034f8   0x080034f8   0x00000058   Code   RO         5364    i.prvCheckForValidListAndQueue  timers.o
    0x08003550   0x08003550   0x00000026   Code   RO         4596    i.prvCopyDataFromQueue  queue.o
    0x08003576   0x08003576   0x0000006c   Code   RO         4597    i.prvCopyDataToQueue  queue.o
    0x080035e2   0x080035e2   0x00000034   Code   RO         5001    i.prvDeleteTCB      tasks.o
    0x08003616   0x08003616   0x00000002   PAD
    0x08003618   0x08003618   0x0000004c   Code   RO         6051    i.prvHeapInit       heap_4.o
    0x08003664   0x08003664   0x00000060   Code   RO         5002    i.prvIdleTask       tasks.o
    0x080036c4   0x080036c4   0x00000022   Code   RO         4599    i.prvInitialiseNewQueue  queue.o
    0x080036e6   0x080036e6   0x00000002   PAD
    0x080036e8   0x080036e8   0x000000b0   Code   RO         5003    i.prvInitialiseNewTask  tasks.o
    0x08003798   0x08003798   0x0000004c   Code   RO         6052    i.prvInsertBlockIntoFreeList  heap_4.o
    0x080037e4   0x080037e4   0x00000038   Code   RO         5366    i.prvInsertTimerInActiveList  timers.o
    0x0800381c   0x0800381c   0x0000001c   Code   RO         4600    i.prvIsQueueEmpty   queue.o
    0x08003838   0x08003838   0x000000fc   Code   RO         5367    i.prvProcessReceivedCommands  timers.o
    0x08003934   0x08003934   0x000000c0   Code   RO         5368    i.prvProcessTimerOrBlockTask  timers.o
    0x080039f4   0x080039f4   0x00000020   Code   RO         5005    i.prvResetNextTaskUnblockTime  tasks.o
    0x08003a14   0x08003a14   0x00000028   Code   RO         5369    i.prvSampleTimeNow  timers.o
    0x08003a3c   0x08003a3c   0x0000006c   Code   RO         5370    i.prvSwitchTimerLists  timers.o
    0x08003aa8   0x08003aa8   0x00000028   Code   RO         6107    i.prvTaskExitError  port.o
    0x08003ad0   0x08003ad0   0x00000024   Code   RO         5371    i.prvTimerTask      timers.o
    0x08003af4   0x08003af4   0x0000006a   Code   RO         4601    i.prvUnlockQueue    queue.o
    0x08003b5e   0x08003b5e   0x00000002   PAD
    0x08003b60   0x08003b60   0x000000dc   Code   RO         6053    i.pvPortMalloc      heap_4.o
    0x08003c3c   0x08003c3c   0x0000002c   Code   RO         6108    i.pxPortInitialiseStack  port.o
    0x08003c68   0x08003c68   0x0000000c   Code   RO          712    i.r2_getball        app_freertos.o
    0x08003c74   0x08003c74   0x00000014   Code   RO          713    i.r2_move           app_freertos.o
    0x08003c88   0x08003c88   0x00000010   Code   RO          714    i.r2_spitball       app_freertos.o
    0x08003c98   0x08003c98   0x00000160   Code   RO          285    i.read_keys         robot.o
    0x08003df8   0x08003df8   0x00000020   Code   RO          286    i.read_rocker       robot.o
    0x08003e18   0x08003e18   0x00000026   Code   RO         4556    i.uxListRemove      list.o
    0x08003e3e   0x08003e3e   0x00000002   PAD
    0x08003e40   0x08003e40   0x00000014   Code   RO         5611    i.vApplicationGetIdleTaskMemory  cmsis_os2.o
    0x08003e54   0x08003e54   0x00000018   Code   RO         5612    i.vApplicationGetTimerTaskMemory  cmsis_os2.o
    0x08003e6c   0x08003e6c   0x00000016   Code   RO         4557    i.vListInitialise   list.o
    0x08003e82   0x08003e82   0x00000006   Code   RO         4558    i.vListInitialiseItem  list.o
    0x08003e88   0x08003e88   0x00000030   Code   RO         4559    i.vListInsert       list.o
    0x08003eb8   0x08003eb8   0x00000018   Code   RO         4560    i.vListInsertEnd    list.o
    0x08003ed0   0x08003ed0   0x00000040   Code   RO         6110    i.vPortEnterCritical  port.o
    0x08003f10   0x08003f10   0x00000028   Code   RO         6111    i.vPortExitCritical  port.o
    0x08003f38   0x08003f38   0x00000064   Code   RO         6054    i.vPortFree         heap_4.o
    0x08003f9c   0x08003f9c   0x00000024   Code   RO         6112    i.vPortSetupTimerInterrupt  port.o
    0x08003fc0   0x08003fc0   0x00000054   Code   RO         6113    i.vPortValidateInterruptPriority  port.o
    0x08004014   0x08004014   0x00000028   Code   RO         4607    i.vQueueAddToRegistry  queue.o
    0x0800403c   0x0800403c   0x00000044   Code   RO         4611    i.vQueueWaitForMessageRestricted  queue.o
    0x08004080   0x08004080   0x0000004c   Code   RO         5018    i.vTaskDelay        tasks.o
    0x080040cc   0x080040cc   0x00000010   Code   RO         5023    i.vTaskInternalSetTimeOutState  tasks.o
    0x080040dc   0x080040dc   0x0000000c   Code   RO         5024    i.vTaskMissedYield  tasks.o
    0x080040e8   0x080040e8   0x00000030   Code   RO         5026    i.vTaskPlaceOnEventList  tasks.o
    0x08004118   0x08004118   0x00000038   Code   RO         5027    i.vTaskPlaceOnEventListRestricted  tasks.o
    0x08004150   0x08004150   0x00000088   Code   RO         5035    i.vTaskStartScheduler  tasks.o
    0x080041d8   0x080041d8   0x00000010   Code   RO         5037    i.vTaskSuspendAll   tasks.o
    0x080041e8   0x080041e8   0x00000064   Code   RO         5038    i.vTaskSwitchContext  tasks.o
    0x0800424c   0x0800424c   0x000000f4   Code   RO         6114    i.xPortStartScheduler  port.o
    0x08004340   0x08004340   0x0000002c   Code   RO         6115    i.xPortSysTickHandler  port.o
    0x0800436c   0x0800436c   0x00000066   Code   RO         4617    i.xQueueGenericCreateStatic  queue.o
    0x080043d2   0x080043d2   0x00000002   PAD
    0x080043d4   0x080043d4   0x00000088   Code   RO         4618    i.xQueueGenericReset  queue.o
    0x0800445c   0x0800445c   0x00000160   Code   RO         4619    i.xQueueGenericSend  queue.o
    0x080045bc   0x080045bc   0x000000be   Code   RO         4620    i.xQueueGenericSendFromISR  queue.o
    0x0800467a   0x0800467a   0x00000002   PAD
    0x0800467c   0x0800467c   0x00000138   Code   RO         4629    i.xQueueReceive     queue.o
    0x080047b4   0x080047b4   0x00000074   Code   RO         5040    i.xTaskCheckForTimeOut  tasks.o
    0x08004828   0x08004828   0x0000005a   Code   RO         5041    i.xTaskCreate       tasks.o
    0x08004882   0x08004882   0x00000056   Code   RO         5042    i.xTaskCreateStatic  tasks.o
    0x080048d8   0x080048d8   0x0000001c   Code   RO         5046    i.xTaskGetSchedulerState  tasks.o
    0x080048f4   0x080048f4   0x0000000c   Code   RO         5047    i.xTaskGetTickCount  tasks.o
    0x08004900   0x08004900   0x000000c8   Code   RO         5049    i.xTaskIncrementTick  tasks.o
    0x080049c8   0x080049c8   0x00000080   Code   RO         5052    i.xTaskPriorityDisinherit  tasks.o
    0x08004a48   0x08004a48   0x00000070   Code   RO         5054    i.xTaskRemoveFromEventList  tasks.o
    0x08004ab8   0x08004ab8   0x000000c4   Code   RO         5055    i.xTaskResumeAll    tasks.o
    0x08004b7c   0x08004b7c   0x00000060   Code   RO         5380    i.xTimerCreateTimerTask  timers.o
    0x08004bdc   0x08004bdc   0x00000068   Code   RO         5381    i.xTimerGenericCommand  timers.o
    0x08004c44   0x08004c44   0x00000062   Code   RO         6197    x$fpl$d2f           fz_wm.l(d2f.o)
    0x08004ca6   0x08004ca6   0x00000002   PAD
    0x08004ca8   0x08004ca8   0x000002b0   Code   RO         6200    x$fpl$ddiv          fz_wm.l(ddiv.o)
    0x08004f58   0x08004f58   0x0000002e   Code   RO         6204    x$fpl$dflt          fz_wm.l(dflt_clz.o)
    0x08004f86   0x08004f86   0x0000009c   Code   RO         6216    x$fpl$dnaninf       fz_wm.l(dnaninf.o)
    0x08005022   0x08005022   0x0000000c   Code   RO         6218    x$fpl$dretinf       fz_wm.l(dretinf.o)
    0x0800502e   0x0800502e   0x0000000a   Code   RO         6307    x$fpl$fpinit        fz_wm.l(fpinit.o)
    0x08005038   0x08005038   0x0000000a   Code   RO         6220    x$fpl$fretinf       fz_wm.l(fretinf.o)
    0x08005042   0x08005042   0x00000000   Code   RO         6222    x$fpl$usenofp       fz_wm.l(usenofp.o)
    0x08005042   0x08005042   0x00000002   PAD
    0x08005044   0x08005044   0x000000b4   Data   RO          715    .constdata          app_freertos.o
    0x080050f8   0x080050f8   0x00000010   Data   RO         1079    .constdata          stm32g4xx_hal_fdcan.o
    0x08005108   0x08005108   0x00000010   Data   RO         4392    .constdata          system_stm32g4xx_1.o
    0x08005118   0x08005118   0x00000008   Data   RO         4393    .constdata          system_stm32g4xx_1.o
    0x08005120   0x08005120   0x0000003c   Data   RO          716    .conststring        app_freertos.o
    0x0800515c   0x0800515c   0x00000020   Data   RO         6377    Region$$Table       anon$$obj.o


    Execution Region RW_IRAM1 (Exec base: 0x20000000, Load base: 0x0800517c, Size: 0x00002828, Max: 0x00020000, ABSOLUTE, COMPRESSED[0x00000078])

    Exec Addr    Load Addr    Size         Type   Attr      Idx    E Section Name        Object

    0x20000000   COMPRESSED   0x00000008   Data   RW          172    .data               move.o
    0x20000008   COMPRESSED   0x00000001   Data   RW          288    .data               robot.o
    0x20000009   COMPRESSED   0x0000000a   Data   RW          390    .data               nrf.o
    0x20000013   COMPRESSED   0x00000001   PAD
    0x20000014   COMPRESSED   0x00000450   Data   RW          503    .data               fdrm3508.o
    0x20000464   COMPRESSED   0x00000004   Data   RW          595    .data               main.o
    0x20000468   COMPRESSED   0x00000004   Data   RW          596    .data               main.o
    0x2000046c   COMPRESSED   0x00000004   Data   RW          597    .data               main.o
    0x20000470   COMPRESSED   0x00000004   Data   RW          598    .data               main.o
    0x20000474   COMPRESSED   0x00000004   Data   RW          599    .data               main.o
    0x20000478   COMPRESSED   0x00000004   Data   RW          600    .data               main.o
    0x2000047c   COMPRESSED   0x00000014   Data   RW          601    .data               main.o
    0x20000490   COMPRESSED   0x00000014   Data   RW          717    .data               app_freertos.o
    0x200004a4   COMPRESSED   0x00000004   Data   RW          782    .data               fdcan.o
    0x200004a8   COMPRESSED   0x0000000c   Data   RW         1438    .data               stm32g4xx_hal.o
    0x200004b4   COMPRESSED   0x00000004   Data   RW         4394    .data               system_stm32g4xx_1.o
    0x200004b8   COMPRESSED   0x0000003c   Data   RW         5058    .data               tasks.o
    0x200004f4   COMPRESSED   0x00000014   Data   RW         5389    .data               timers.o
    0x20000508   COMPRESSED   0x00000004   Data   RW         5614    .data               cmsis_os2.o
    0x2000050c   COMPRESSED   0x00000020   Data   RW         6060    .data               heap_4.o
    0x2000052c   COMPRESSED   0x0000000c   Data   RW         6116    .data               port.o
    0x20000538        -       0x000000b4   Zero   RW           14    .bss                button_push.o
    0x200005ec        -       0x0000006e   Zero   RW          287    .bss                robot.o
    0x2000065a        -       0x00000023   Zero   RW          389    .bss                nrf.o
    0x2000067d   COMPRESSED   0x00000003   PAD
    0x20000680        -       0x00000098   Zero   RW          501    .bss                fdrm3508.o
    0x20000718        -       0x0000012c   Zero   RW          781    .bss                fdcan.o
    0x20000844        -       0x00000064   Zero   RW          834    .bss                spi.o
    0x200008a8        -       0x0000004c   Zero   RW          982    .bss                stm32g4xx_hal_timebase_tim.o
    0x200008f4        -       0x00000040   Zero   RW         4633    .bss                queue.o
    0x20000934        -       0x000004c4   Zero   RW         5057    .bss                tasks.o
    0x20000df8        -       0x00000118   Zero   RW         5388    .bss                timers.o
    0x20000f10        -       0x000006b8   Zero   RW         5613    .bss                cmsis_os2.o
    0x200015c8        -       0x00000c00   Zero   RW         6059    .bss                heap_4.o
    0x200021c8        -       0x00000060   Zero   RW         6249    .bss                c_w.l(libspace.o)
    0x20002228        -       0x00000200   Zero   RW            2    HEAP                startup_stm32g474xx.o
    0x20002428        -       0x00000400   Zero   RW            1    STACK               startup_stm32g474xx.o


==============================================================================

Image component sizes


      Code (inc. data)   RO Data    RW Data    ZI Data      Debug   Object Name

       184         36        240         20          0       4144   app_freertos.o
       100          8          0          0        180     879243   button_push.o
       326         22          0          4       1720      65175   cmsis_os2.o
         0          0          0          0          0      19436   event_groups.o
       632         60          0          4        300       3301   fdcan.o
       222          6          0          0          0       2433   fdcan_bsp.o
       628         52          0       1104        152       5981   fdrm3508.o
       172          8          0          0          0       1003   gpio.o
       472         24          0         32       3072       4847   heap_4.o
       138          0          0          0          0       3530   list.o
       262          6          0         44          0      15117   main.o
       540        100          0          8          0       3780   move.o
        58         12          0          0          0        998   my_task.o
       588         30          0         10         35       8855   nrf.o
       786         82          0         12          0      11481   port.o
      1514         20          0          0         64      17380   queue.o
       504         22          0          1        110       3289   robot.o
       176         16          0          0        100       1689   spi.o
        64         26        472          0       1536        840   startup_stm32g474xx.o
        58         10          0         12          0       2986   stm32g4xx_hal.o
       158         14          0          0          0      33034   stm32g4xx_hal_cortex.o
      1746         34         16          0          0      16745   stm32g4xx_hal_fdcan.o
       604         34          0          0          0       2995   stm32g4xx_hal_gpio.o
        60          6          0          0          0        866   stm32g4xx_hal_msp.o
       204         18          0          0          0       1401   stm32g4xx_hal_pwr_ex.o
      1724         90          0          0          0       6330   stm32g4xx_hal_rcc.o
       768         10          0          0          0       1956   stm32g4xx_hal_rcc_ex.o
      1324         10          0          0          0       6389   stm32g4xx_hal_spi.o
       968         70          0          0          0       7536   stm32g4xx_hal_tim.o
        14          0          0          0          0       4468   stm32g4xx_hal_tim_ex.o
       136         20          0          0         76       1419   stm32g4xx_hal_timebase_tim.o
        60         24          0          0          0       4655   stm32g4xx_it.o
         0          0          0          0          0        384   stream_buffer.o
        16          4         24          4          0       1123   system_stm32g4xx_1.o
      2084        168          0         60       1220      26848   tasks.o
       972         80          0         20        280      32095   timers.o

    ----------------------------------------------------------------------
     18306       1122        784       1336       8848    1203752   Object Totals
         0          0         32          0          0          0   (incl. Generated)
        44          0          0          1          3          0   (incl. Padding)

    ----------------------------------------------------------------------

      Code (inc. data)   RO Data    RW Data    ZI Data      Debug   Library Member Name

        90          0          0          0          0          0   __dczerorl2.o
         8          0          0          0          0         68   __main.o
         0          0          0          0          0          0   __rtentry.o
        12          0          0          0          0          0   __rtentry2.o
         6          0          0          0          0          0   __rtentry4.o
        52          8          0          0          0          0   __scatter.o
        28          0          0          0          0          0   __scatter_zi.o
        16          0          0          0          0         68   aeabi_memset.o
        18          0          0          0          0         80   exit.o
         6          0          0          0          0        152   heapauxi.o
         0          0          0          0          0          0   indicate_semi.o
         2          0          0          0          0          0   libinit.o
         6          0          0          0          0          0   libinit2.o
         2          0          0          0          0          0   libshutdown.o
         2          0          0          0          0          0   libshutdown2.o
         8          4          0          0         96         68   libspace.o
        68          0          0          0          0         68   rt_memclr.o
        78          0          0          0          0         80   rt_memclr_w.o
       138          0          0          0          0         68   rt_memcpy_v6.o
       100          0          0          0          0         80   rt_memcpy_w.o
         2          0          0          0          0          0   rtexit.o
        10          0          0          0          0          0   rtexit2.o
        12          4          0          0          0         68   sys_exit.o
        74          0          0          0          0         80   sys_stackheap_outer.o
         2          0          0          0          0         68   use_no_semi.o
        98          4          0          0          0        140   d2f.o
       688        140          0          0          0        256   ddiv.o
        46          0          0          0          0        116   dflt_clz.o
       156          4          0          0          0        140   dnaninf.o
        12          0          0          0          0        116   dretinf.o
        10          0          0          0          0        116   fpinit.o
        10          0          0          0          0        116   fretinf.o
         0          0          0          0          0          0   usenofp.o

    ----------------------------------------------------------------------
      1770        164          0          0         96       1948   Library Totals
        10          0          0          0          0          0   (incl. Padding)

    ----------------------------------------------------------------------

      Code (inc. data)   RO Data    RW Data    ZI Data      Debug   Library Name

       740         16          0          0         96        948   c_w.l
      1020        148          0          0          0       1000   fz_wm.l

    ----------------------------------------------------------------------
      1770        164          0          0         96       1948   Library Totals

    ----------------------------------------------------------------------

==============================================================================


      Code (inc. data)   RO Data    RW Data    ZI Data      Debug   

     20076       1286        784       1336       8944    1186584   Grand Totals
     20076       1286        784        120       8944    1186584   ELF Image Totals (compressed)
     20076       1286        784        120          0          0   ROM Totals

==============================================================================

    Total RO  Size (Code + RO Data)                20860 (  20.37kB)
    Total RW  Size (RW Data + ZI Data)             10280 (  10.04kB)
    Total ROM Size (Code + RO Data + RW Data)      20980 (  20.49kB)

==============================================================================

